<html>
<body>
<pre>
<h1>µVision Build Log</h1>
<h2>Tool Versions:</h2>
IDE-Version: ¦ÌVision V5.38.0.0
Copyright (C) 2022 ARM Ltd and ARM Germany GmbH. All rights reserved.
License Information: Sunny Zhang, SJTU, LIC=MPPLD-8MARG-DYPV3-A8184-1WVZL-YD2CQ
 
Tool Versions:
Toolchain:       MDK-ARM Plus  Version: 5.38.0.0
Toolchain Path:  C:\MyProgramFiles\Engineering\Embedded\Keil_v5\ARM\ARMCLANG\Bin
C Compiler:      ArmClang.exe V6.19
Assembler:       Armasm.exe V6.19
Linker/Locator:  ArmLink.exe V6.19
Library Manager: ArmAr.exe V6.19
Hex Converter:   FromElf.exe V6.19
CPU DLL:         SARMCM3.DLL V5.38.0.0
Dialog DLL:      DCM.DLL V1.17.5.0
Target DLL:      STLink\ST-LINKIII-KEIL_SWO.dll V3.1.0.0
Dialog DLL:      TCM.DLL V1.56.4.0
 
<h2>Project:</h2>
E:\Work\EmbeddedProjects\ProgramingProjects\STM32TestProject\MDK-ARM\STM32TestProject.uvprojx
Project File Date:  10/02/2024

<h2>Output:</h2>
*** Using Compiler 'V6.19', folder: 'C:\MyProgramFiles\Engineering\Embedded\Keil_v5\ARM\ARMCLANG\Bin'
Rebuild target 'STM32TestProject'
assembling startup_stm32f427xx.s...
compiling stm32f4xx_hal_flash.c...
../Core/Src/callback.cpp(18): warning: 'auto' type specifier is a C++11 extension [-Wc++11-extensions]
                for(auto & led : leds)
                    ^
../Core/Src/callback.cpp(18): warning: range-based for loop is a C++11 extension [-Wc++11-extensions]
                for(auto & led : leds)
                               ^
../Core/Src/callback.cpp(31): warning: 'auto' type specifier is a C++11 extension [-Wc++11-extensions]
                        for(auto & led : leds)
                            ^
../Core/Src/callback.cpp(31): warning: range-based for loop is a C++11 extension [-Wc++11-extensions]
                        for(auto & led : leds)
                                       ^
4 warnings generated.
compiling callback.cpp...
compiling gpio.c...
compiling stm32f4xx_it.c...
compiling start.cpp...
compiling tim.c...
compiling stm32f4xx_hal_msp.c...
compiling stm32f4xx_hal_flash_ramfunc.c...
compiling LED.cpp...
compiling stm32f4xx_hal_tim_ex.c...
compiling stm32f4xx_hal_gpio.c...
compiling stm32f4xx_hal_pwr.c...
compiling stm32f4xx_hal_dma.c...
compiling main.c...
compiling stm32f4xx_hal_pwr_ex.c...
compiling stm32f4xx_hal_rcc.c...
compiling stm32f4xx_hal_rcc_ex.c...
compiling stm32f4xx_hal_dma_ex.c...
compiling stm32f4xx_hal_flash_ex.c...
compiling system_stm32f4xx.c...
compiling stm32f4xx_hal.c...
compiling stm32f4xx_hal_exti.c...
compiling stm32f4xx_hal_cortex.c...
compiling stm32f4xx_hal_tim.c...
linking...
Program Size: Code=13612 RO-data=624 RW-data=12 ZI-data=1916  
FromELF: creating hex file...
"STM32TestProject\STM32TestProject.axf" - 0 Error(s), 4 Warning(s).

<h2>Software Packages used:</h2>

Package Vendor: ARM
                http://www.keil.com/pack/ARM.CMSIS.5.9.0.pack
                ARM.CMSIS.5.9.0
                CMSIS (Common Microcontroller Software Interface Standard)
   * Component: CORE Version: 5.6.0

Package Vendor: Keil
                http://www.keil.com/pack/Keil.STM32F4xx_DFP.2.16.0.pack
                Keil.STM32F4xx_DFP.2.16.0
                STMicroelectronics STM32F4 Series Device Support, Drivers and Examples

<h2>Collection of Component include folders:</h2>
  ./RTE/_STM32TestProject
  C:/Users/Sunny/AppData/Local/Arm/Packs/ARM/CMSIS/5.9.0/CMSIS/Core/Include
  C:/Users/Sunny/AppData/Local/Arm/Packs/Keil/STM32F4xx_DFP/2.16.0/Drivers/CMSIS/Device/ST/STM32F4xx/Include

<h2>Collection of Component Files used:</h2>

   * Component: ARM::CMSIS:CORE:5.6.0
      Include file:  CMSIS/Core/Include/tz_context.h
Build Time Elapsed:  00:00:02
</pre>
</body>
</html>
