Component: Arm Compiler for Embedded 6.19 Tool: armlink [5e73cb00]

==============================================================================

Section Cross References

    startup_stm32f427xx.o(STACK) refers (Special) to heapauxi.o(.text) for __use_two_region_memory
    startup_stm32f427xx.o(HEAP) refers (Special) to heapauxi.o(.text) for __use_two_region_memory
    startup_stm32f427xx.o(RESET) refers (Special) to heapauxi.o(.text) for __use_two_region_memory
    startup_stm32f427xx.o(RESET) refers to startup_stm32f427xx.o(STACK) for __initial_sp
    startup_stm32f427xx.o(RESET) refers to startup_stm32f427xx.o(.text) for Reset_Handler
    startup_stm32f427xx.o(RESET) refers to stm32f4xx_it.o(.text.NMI_Handler) for NMI_Handler
    startup_stm32f427xx.o(RESET) refers to stm32f4xx_it.o(.text.HardFault_Handler) for HardFault_Handler
    startup_stm32f427xx.o(RESET) refers to stm32f4xx_it.o(.text.MemManage_Handler) for MemManage_Handler
    startup_stm32f427xx.o(RESET) refers to stm32f4xx_it.o(.text.BusFault_Handler) for BusFault_Handler
    startup_stm32f427xx.o(RESET) refers to stm32f4xx_it.o(.text.UsageFault_Handler) for UsageFault_Handler
    startup_stm32f427xx.o(RESET) refers to stm32f4xx_it.o(.text.SVC_Handler) for SVC_Handler
    startup_stm32f427xx.o(RESET) refers to stm32f4xx_it.o(.text.DebugMon_Handler) for DebugMon_Handler
    startup_stm32f427xx.o(RESET) refers to stm32f4xx_it.o(.text.PendSV_Handler) for PendSV_Handler
    startup_stm32f427xx.o(RESET) refers to stm32f4xx_it.o(.text.SysTick_Handler) for SysTick_Handler
    startup_stm32f427xx.o(RESET) refers to stm32f4xx_it.o(.text.TIM1_UP_TIM10_IRQHandler) for TIM1_UP_TIM10_IRQHandler
    startup_stm32f427xx.o(.text) refers (Special) to heapauxi.o(.text) for __use_two_region_memory
    startup_stm32f427xx.o(.text) refers to system_stm32f4xx.o(.text.SystemInit) for SystemInit
    startup_stm32f427xx.o(.text) refers to __main.o(!!!main) for __main
    startup_stm32f427xx.o(.text) refers to startup_stm32f427xx.o(HEAP) for Heap_Mem
    startup_stm32f427xx.o(.text) refers to startup_stm32f427xx.o(STACK) for Stack_Mem
    callback.o(.text.HAL_TIM_PeriodElapsedCallback) refers to tim.o(.bss.htim1) for htim1
    callback.o(.text.HAL_TIM_PeriodElapsedCallback) refers to led_task.o(.text._Z14LEDTaskRoutinev) for LEDTaskRoutine()
    callback.o(.ARM.exidx.text.HAL_TIM_PeriodElapsedCallback) refers to callback.o(.text.HAL_TIM_PeriodElapsedCallback) for [Anonymous Symbol]
    led.o(.ARM.exidx.text._ZN3LEDC2Ev) refers to led.o(.text._ZN3LEDC2Ev) for [Anonymous Symbol]
    led.o(.text._ZN3LEDC2EP12GPIO_TypeDefthd) refers to d2f.o(x$fpl$d2f) for __aeabi_d2f
    led.o(.ARM.exidx.text._ZN3LEDC2EP12GPIO_TypeDefthd) refers to led.o(.text._ZN3LEDC2EP12GPIO_TypeDefthd) for [Anonymous Symbol]
    led.o(.text._ZN3LED20calcRealCurrentLightEv) refers to f2d.o(x$fpl$f2d) for __aeabi_f2d
    led.o(.text._ZN3LED20calcRealCurrentLightEv) refers to ddiv.o(x$fpl$ddiv) for __aeabi_ddiv
    led.o(.text._ZN3LED20calcRealCurrentLightEv) refers to led.o(.text._Z3powB6v16000IdfENSt3__29enable_ifIXaasr3std13is_arithmeticIT_EE5valuesr3std13is_arithmeticIT0_EE5valueENS0_9__promoteIS2_S3_vEEE4type4typeES2_S3_) for std::__2::enable_if<std::is_arithmetic<double>::value && std::is_arithmetic<float>::value, std::__2::__promote<double, float, void>>::type::type pow[abi:v16000]<double, float>(double, float)
    led.o(.text._ZN3LED20calcRealCurrentLightEv) refers to dmul.o(x$fpl$dmul) for __aeabi_dmul
    led.o(.text._ZN3LED20calcRealCurrentLightEv) refers to round.o(i.__hardfp_round) for __hardfp_round
    led.o(.text._ZN3LED20calcRealCurrentLightEv) refers to dfix.o(x$fpl$dfix) for __aeabi_d2iz
    led.o(.ARM.exidx.text._ZN3LED20calcRealCurrentLightEv) refers to led.o(.text._ZN3LED20calcRealCurrentLightEv) for [Anonymous Symbol]
    led.o(.text._ZN3LED20setCurrentLightLevelEh) refers to led.o(.text._ZN3LED20calcRealCurrentLightEv) for LED::calcRealCurrentLight()
    led.o(.ARM.exidx.text._ZN3LED20setCurrentLightLevelEh) refers to led.o(.text._ZN3LED20setCurrentLightLevelEh) for [Anonymous Symbol]
    led.o(.ARM.exidx.text._ZNK3LED20getCurrentLightLevelEv) refers to led.o(.text._ZNK3LED20getCurrentLightLevelEv) for [Anonymous Symbol]
    led.o(.text._ZN3LED12timerRoutineEv) refers to stm32f4xx_hal_gpio.o(.text.HAL_GPIO_WritePin) for HAL_GPIO_WritePin
    led.o(.ARM.exidx.text._ZN3LED12timerRoutineEv) refers to led.o(.text._ZN3LED12timerRoutineEv) for [Anonymous Symbol]
    start.o(.text.startup) refers to tim.o(.bss.htim1) for htim1
    start.o(.text.startup) refers to stm32f4xx_hal_tim.o(.text.HAL_TIM_Base_Start_IT) for HAL_TIM_Base_Start_IT
    start.o(.text.startup) refers to led_task.o(.text._Z8initLEDsv) for initLEDs()
    start.o(.ARM.exidx.text.startup) refers to start.o(.text.startup) for [Anonymous Symbol]
    main.o(.text.main) refers to stm32f4xx_hal.o(.text.HAL_Init) for HAL_Init
    main.o(.text.main) refers to main.o(.text.SystemClock_Config) for SystemClock_Config
[...]
    stm32f4xx_hal_pwr.c                      0x00000000   Number         0  stm32f4xx_hal_pwr.o ABSOLUTE
    stm32f4xx_hal_pwr_ex.c                   0x00000000   Number         0  stm32f4xx_hal_pwr_ex.o ABSOLUTE
    stm32f4xx_hal_rcc.c                      0x00000000   Number         0  stm32f4xx_hal_rcc.o ABSOLUTE
    stm32f4xx_hal_rcc_ex.c                   0x00000000   Number         0  stm32f4xx_hal_rcc_ex.o ABSOLUTE
    stm32f4xx_hal_tim.c                      0x00000000   Number         0  stm32f4xx_hal_tim.o ABSOLUTE
    stm32f4xx_hal_tim_ex.c                   0x00000000   Number         0  stm32f4xx_hal_tim_ex.o ABSOLUTE
    stm32f4xx_it.c                           0x00000000   Number         0  stm32f4xx_it.o ABSOLUTE
    system_stm32f4xx.c                       0x00000000   Number         0  system_stm32f4xx.o ABSOLUTE
    tim.c                                    0x00000000   Number         0  tim.o ABSOLUTE
    RESET                                    0x08000000   Section      428  startup_stm32f427xx.o(RESET)
    !!!main                                  0x080001ac   Section        8  __main.o(!!!main)
    !!!scatter                               0x080001b4   Section       52  __scatter.o(!!!scatter)
    !!handler_copy                           0x080001e8   Section       26  __scatter_copy.o(!!handler_copy)
    !!handler_zi                             0x08000204   Section       28  __scatter_zi.o(!!handler_zi)
    .ARM.Collect$$libinit$$00000000          0x08000220   Section        2  libinit.o(.ARM.Collect$$libinit$$00000000)
    .ARM.Collect$$libinit$$00000001          0x08000222   Section        4  libinit2.o(.ARM.Collect$$libinit$$00000001)
    .ARM.Collect$$libinit$$00000004          0x08000226   Section        0  libinit2.o(.ARM.Collect$$libinit$$00000004)
    .ARM.Collect$$libinit$$00000006          0x08000226   Section        0  libinit2.o(.ARM.Collect$$libinit$$00000006)
    .ARM.Collect$$libinit$$0000000C          0x08000226   Section        0  libinit2.o(.ARM.Collect$$libinit$$0000000C)
    .ARM.Collect$$libinit$$0000000E          0x08000226   Section        0  libinit2.o(.ARM.Collect$$libinit$$0000000E)
    .ARM.Collect$$libinit$$00000010          0x08000226   Section        0  libinit2.o(.ARM.Collect$$libinit$$00000010)
    .ARM.Collect$$libinit$$00000013          0x08000226   Section        0  libinit2.o(.ARM.Collect$$libinit$$00000013)
    .ARM.Collect$$libinit$$00000015          0x08000226   Section        0  libinit2.o(.ARM.Collect$$libinit$$00000015)
    .ARM.Collect$$libinit$$00000017          0x08000226   Section        0  libinit2.o(.ARM.Collect$$libinit$$00000017)
    .ARM.Collect$$libinit$$00000019          0x08000226   Section        0  libinit2.o(.ARM.Collect$$libinit$$00000019)
    .ARM.Collect$$libinit$$0000001B          0x08000226   Section        0  libinit2.o(.ARM.Collect$$libinit$$0000001B)
    .ARM.Collect$$libinit$$0000001D          0x08000226   Section        0  libinit2.o(.ARM.Collect$$libinit$$0000001D)
    .ARM.Collect$$libinit$$0000001F          0x08000226   Section        0  libinit2.o(.ARM.Collect$$libinit$$0000001F)
    .ARM.Collect$$libinit$$00000021          0x08000226   Section        0  libinit2.o(.ARM.Collect$$libinit$$00000021)
    .ARM.Collect$$libinit$$00000023          0x08000226   Section        0  libinit2.o(.ARM.Collect$$libinit$$00000023)
    .ARM.Collect$$libinit$$00000025          0x08000226   Section        0  libinit2.o(.ARM.Collect$$libinit$$00000025)
    .ARM.Collect$$libinit$$00000027          0x08000226   Section        0  libinit2.o(.ARM.Collect$$libinit$$00000027)
    .ARM.Collect$$libinit$$0000002E          0x08000226   Section        0  libinit2.o(.ARM.Collect$$libinit$$0000002E)
    .ARM.Collect$$libinit$$00000030          0x08000226   Section        0  libinit2.o(.ARM.Collect$$libinit$$00000030)
    .ARM.Collect$$libinit$$00000032          0x08000226   Section        0  libinit2.o(.ARM.Collect$$libinit$$00000032)
    .ARM.Collect$$libinit$$00000033          0x08000226   Section        4  libinit2.o(.ARM.Collect$$libinit$$00000033)
    .ARM.Collect$$libinit$$00000034          0x0800022a   Section        0  libinit2.o(.ARM.Collect$$libinit$$00000034)
    .ARM.Collect$$libinit$$00000035          0x0800022a   Section        2  libinit2.o(.ARM.Collect$$libinit$$00000035)
    .ARM.Collect$$libshutdown$$00000000      0x0800022c   Section        2  libshutdown.o(.ARM.Collect$$libshutdown$$00000000)
    .ARM.Collect$$libshutdown$$00000002      0x0800022e   Section        0  libshutdown2.o(.ARM.Collect$$libshutdown$$00000002)
    .ARM.Collect$$libshutdown$$00000004      0x0800022e   Section        0  libshutdown2.o(.ARM.Collect$$libshutdown$$00000004)
    .ARM.Collect$$libshutdown$$00000007      0x0800022e   Section        0  libshutdown2.o(.ARM.Collect$$libshutdown$$00000007)
    .ARM.Collect$$libshutdown$$0000000A      0x0800022e   Section        0  libshutdown2.o(.ARM.Collect$$libshutdown$$0000000A)
    .ARM.Collect$$libshutdown$$0000000C      0x0800022e   Section        0  libshutdown2.o(.ARM.Collect$$libshutdown$$0000000C)
    .ARM.Collect$$libshutdown$$0000000F      0x0800022e   Section        0  libshutdown2.o(.ARM.Collect$$libshutdown$$0000000F)
    .ARM.Collect$$libshutdown$$00000010      0x0800022e   Section        2  libshutdown2.o(.ARM.Collect$$libshutdown$$00000010)
    .ARM.Collect$$rtentry$$00000000          0x08000230   Section        0  __rtentry.o(.ARM.Collect$$rtentry$$00000000)
    .ARM.Collect$$rtentry$$00000002          0x08000230   Section        0  __rtentry2.o(.ARM.Collect$$rtentry$$00000002)
    .ARM.Collect$$rtentry$$00000004          0x08000230   Section        6  __rtentry4.o(.ARM.Collect$$rtentry$$00000004)
    .ARM.Collect$$rtentry$$00000009          0x08000236   Section        0  __rtentry2.o(.ARM.Collect$$rtentry$$00000009)
    .ARM.Collect$$rtentry$$0000000A          0x08000236   Section        4  __rtentry2.o(.ARM.Collect$$rtentry$$0000000A)
    .ARM.Collect$$rtentry$$0000000C          0x0800023a   Section        0  __rtentry2.o(.ARM.Collect$$rtentry$$0000000C)
    .ARM.Collect$$rtentry$$0000000D          0x0800023a   Section        8  __rtentry2.o(.ARM.Collect$$rtentry$$0000000D)
    .ARM.Collect$$rtexit$$00000000           0x08000242   Section        2  rtexit.o(.ARM.Collect$$rtexit$$00000000)
    .ARM.Collect$$rtexit$$00000002           0x08000244   Section        0  rtexit2.o(.ARM.Collect$$rtexit$$00000002)
    .ARM.Collect$$rtexit$$00000003           0x08000244   Section        4  rtexit2.o(.ARM.Collect$$rtexit$$00000003)
    .ARM.Collect$$rtexit$$00000004           0x08000248   Section        6  rtexit2.o(.ARM.Collect$$rtexit$$00000004)
    $v0                                      0x08000250   Number         0  startup_stm32f427xx.o(.text)
    .text                                    0x08000250   Section       64  startup_stm32f427xx.o(.text)
    .text                                    0x08000290   Section      240  lludivv7m.o(.text)
    .text                                    0x08000380   Section       78  rt_memclr_w.o(.text)
    .text                                    0x080003ce   Section        0  heapauxi.o(.text)
    .text                                    0x080003d4   Section        0  init_aeabi.o(.text)
    .text                                    0x080003f8   Section        0  _rserrno.o(.text)
    .text                                    0x08000410   Section        8  rt_errno_addr_intlibspace.o(.text)
    .text                                    0x08000418   Section        0  abort.o(.text)
    .text                                    0x08000430   Section        0  sys_exit.o(.text)
    .text                                    0x0800043c   Section        8  libspace.o(.text)
    .text                                    0x08000444   Section       74  sys_stackheap_outer.o(.text)
    .text                                    0x0800048e   Section        0  exit.o(.text)
    .text                                    0x080004a0   Section        0  defsig_abrt_outer.o(.text)
    .text                                    0x080004ae   Section        2  use_no_semi.o(.text)
    .text                                    0x080004b0   Section        0  indicate_semi.o(.text)
    .text                                    0x080004b0   Section        0  defsig_exit.o(.text)
    .text                                    0x080004bc   Section        0  defsig_abrt_inner.o(.text)
    .text                                    0x080004ec   Section        0  defsig_general.o(.text)
    .text                                    0x0800051e   Section        0  sys_wrch.o(.text)
    [Anonymous Symbol]                       0x0800052c   Section        0  stm32f4xx_it.o(.text.BusFault_Handler)
    [Anonymous Symbol]                       0x08000530   Section        0  stm32f4xx_it.o(.text.DebugMon_Handler)
    [Anonymous Symbol]                       0x08000534   Section        0  main.o(.text.Error_Handler)
    [Anonymous Symbol]                       0x08000544   Section        0  stm32f4xx_hal_gpio.o(.text.HAL_GPIO_Init)
    [Anonymous Symbol]                       0x08000934   Section        0  stm32f4xx_hal_gpio.o(.text.HAL_GPIO_WritePin)
    [Anonymous Symbol]                       0x08000964   Section        0  stm32f4xx_hal.o(.text.HAL_GetTick)
    [Anonymous Symbol]                       0x08000970   Section        0  stm32f4xx_hal.o(.text.HAL_IncTick)
    [Anonymous Symbol]                       0x0800098c   Section        0  stm32f4xx_hal.o(.text.HAL_Init)
    [Anonymous Symbol]                       0x080009c4   Section        0  stm32f4xx_hal.o(.text.HAL_InitTick)
    [Anonymous Symbol]                       0x08000a34   Section        0  stm32f4xx_hal_msp.o(.text.HAL_MspInit)
    [Anonymous Symbol]                       0x08000a80   Section        0  stm32f4xx_hal_cortex.o(.text.HAL_NVIC_EnableIRQ)
    [Anonymous Symbol]                       0x08000a94   Section        0  stm32f4xx_hal_cortex.o(.text.HAL_NVIC_SetPriority)
    [Anonymous Symbol]                       0x08000ac8   Section        0  stm32f4xx_hal_cortex.o(.text.HAL_NVIC_SetPriorityGrouping)
    [Anonymous Symbol]                       0x08000ad8   Section        0  stm32f4xx_hal_pwr_ex.o(.text.HAL_PWREx_EnableOverDrive)
    [Anonymous Symbol]                       0x08000b98   Section        0  stm32f4xx_hal_rcc.o(.text.HAL_RCC_ClockConfig)
    [Anonymous Symbol]                       0x08000dfc   Section        0  stm32f4xx_hal_rcc.o(.text.HAL_RCC_GetSysClockFreq)
    [Anonymous Symbol]                       0x08000ee4   Section        0  stm32f4xx_hal_rcc.o(.text.HAL_RCC_OscConfig)
    [Anonymous Symbol]                       0x080015a4   Section        0  stm32f4xx_hal_cortex.o(.text.HAL_SYSTICK_Config)
    [Anonymous Symbol]                       0x080015b4   Section        0  stm32f4xx_hal_tim_ex.o(.text.HAL_TIMEx_BreakCallback)
    [Anonymous Symbol]                       0x080015bc   Section        0  stm32f4xx_hal_tim_ex.o(.text.HAL_TIMEx_CommutCallback)
    [Anonymous Symbol]                       0x080015c4   Section        0  stm32f4xx_hal_tim_ex.o(.text.HAL_TIMEx_MasterConfigSynchronization)
    [Anonymous Symbol]                       0x080016e8   Section        0  stm32f4xx_hal_tim.o(.text.HAL_TIM_Base_Init)
    [Anonymous Symbol]                       0x08001784   Section        0  tim.o(.text.HAL_TIM_Base_MspInit)
    [Anonymous Symbol]                       0x080017d4   Section        0  stm32f4xx_hal_tim.o(.text.HAL_TIM_Base_Start_IT)
    [Anonymous Symbol]                       0x080018cc   Section        0  stm32f4xx_hal_tim.o(.text.HAL_TIM_ConfigClockSource)
    [Anonymous Symbol]                       0x08001a50   Section        0  stm32f4xx_hal_tim.o(.text.HAL_TIM_IC_CaptureCallback)
    [Anonymous Symbol]                       0x08001a58   Section        0  stm32f4xx_hal_tim.o(.text.HAL_TIM_IRQHandler)
    [Anonymous Symbol]                       0x08001cd4   Section        0  stm32f4xx_hal_tim.o(.text.HAL_TIM_OC_DelayElapsedCallback)
    [Anonymous Symbol]                       0x08001cdc   Section        0  stm32f4xx_hal_tim.o(.text.HAL_TIM_PWM_PulseFinishedCallback)
    [Anonymous Symbol]                       0x08001ce4   Section        0  callback.o(.text.HAL_TIM_PeriodElapsedCallback)
    [Anonymous Symbol]                       0x08001d04   Section        0  stm32f4xx_hal_tim.o(.text.HAL_TIM_TriggerCallback)
    [Anonymous Symbol]                       0x08001d0c   Section        0  stm32f4xx_it.o(.text.HardFault_Handler)
    [Anonymous Symbol]                       0x08001d10   Section        0  gpio.o(.text.MX_GPIO_Init)
    [Anonymous Symbol]                       0x08001df8   Section        0  tim.o(.text.MX_TIM1_Init)
    [Anonymous Symbol]                       0x08001e7c   Section        0  stm32f4xx_it.o(.text.MemManage_Handler)
    [Anonymous Symbol]                       0x08001e80   Section        0  stm32f4xx_it.o(.text.NMI_Handler)
    NVIC_EncodePriority                      0x08001e85   Thumb Code   108  stm32f4xx_hal_cortex.o(.text.NVIC_EncodePriority)
    [Anonymous Symbol]                       0x08001e84   Section        0  stm32f4xx_hal_cortex.o(.text.NVIC_EncodePriority)
    [Anonymous Symbol]                       0x08001ef0   Section        0  stm32f4xx_it.o(.text.PendSV_Handler)
    [Anonymous Symbol]                       0x08001ef4   Section        0  stm32f4xx_it.o(.text.SVC_Handler)
    SysTick_Config                           0x08001ef9   Thumb Code    82  stm32f4xx_hal_cortex.o(.text.SysTick_Config)
    [Anonymous Symbol]                       0x08001ef8   Section        0  stm32f4xx_hal_cortex.o(.text.SysTick_Config)
    [Anonymous Symbol]                       0x08001f4c   Section        0  stm32f4xx_it.o(.text.SysTick_Handler)
    [Anonymous Symbol]                       0x08001f54   Section        0  main.o(.text.SystemClock_Config)
    [Anonymous Symbol]                       0x08002020   Section        0  system_stm32f4xx.o(.text.SystemInit)
    [Anonymous Symbol]                       0x08002034   Section        0  stm32f4xx_it.o(.text.TIM1_UP_TIM10_IRQHandler)
    [Anonymous Symbol]                       0x08002044   Section        0  stm32f4xx_hal_tim.o(.text.TIM_Base_SetConfig)
    [Anonymous Symbol]                       0x080021e0   Section        0  stm32f4xx_hal_tim.o(.text.TIM_ETR_SetConfig)
    TIM_ITRx_SetConfig                       0x08002215   Thumb Code    42  stm32f4xx_hal_tim.o(.text.TIM_ITRx_SetConfig)
    [Anonymous Symbol]                       0x08002214   Section        0  stm32f4xx_hal_tim.o(.text.TIM_ITRx_SetConfig)
    TIM_TI1_ConfigInputStage                 0x08002241   Thumb Code    80  stm32f4xx_hal_tim.o(.text.TIM_TI1_ConfigInputStage)
    [Anonymous Symbol]                       0x08002240   Section        0  stm32f4xx_hal_tim.o(.text.TIM_TI1_ConfigInputStage)
    TIM_TI2_ConfigInputStage                 0x08002291   Thumb Code    82  stm32f4xx_hal_tim.o(.text.TIM_TI2_ConfigInputStage)
    [Anonymous Symbol]                       0x08002290   Section        0  stm32f4xx_hal_tim.o(.text.TIM_TI2_ConfigInputStage)
    [Anonymous Symbol]                       0x080022e4   Section        0  stm32f4xx_it.o(.text.UsageFault_Handler)
    [Anonymous Symbol]                       0x080022e8   Section        0  led_task.o(.text._Z14LEDTaskRoutinev)
    [Anonymous Symbol]                       0x080023a0   Section        0  led.o(.text._Z3powB6v16000IdfENSt3__29enable_ifIXaasr3std13is_arithmeticIT_EE5valuesr3std13is_arithmeticIT0_EE5valueENS0_9__promoteIS2_S3_vEEE4type4typeES2_S3_)
    [Anonymous Symbol]                       0x080023d0   Section        0  led_task.o(.text._Z8initLEDsv)
    [Anonymous Symbol]                       0x08002590   Section        0  led.o(.text._ZN3LED12timerRoutineEv)
    [Anonymous Symbol]                       0x080025e0   Section        0  led.o(.text._ZN3LED20calcRealCurrentLightEv)
    [Anonymous Symbol]                       0x08002658   Section        0  led.o(.text._ZN3LED20setCurrentLightLevelEh)
    [Anonymous Symbol]                       0x08002674   Section        0  led.o(.text._ZN3LEDC2EP12GPIO_TypeDefthd)
    [Anonymous Symbol]                       0x080026c0   Section        0  led.o(.text._ZN3LEDC2Ev)
    [Anonymous Symbol]                       0x080026dc   Section        0  led.o(.text._ZNK3LED20getCurrentLightLevelEv)
    __NVIC_EnableIRQ                         0x080026e9   Thumb Code    48  stm32f4xx_hal_cortex.o(.text.__NVIC_EnableIRQ)
    [Anonymous Symbol]                       0x080026e8   Section        0  stm32f4xx_hal_cortex.o(.text.__NVIC_EnableIRQ)
    __NVIC_GetPriorityGrouping               0x08002719   Thumb Code    16  stm32f4xx_hal_cortex.o(.text.__NVIC_GetPriorityGrouping)
    [Anonymous Symbol]                       0x08002718   Section        0  stm32f4xx_hal_cortex.o(.text.__NVIC_GetPriorityGrouping)
    __NVIC_SetPriority                       0x08002729   Thumb Code    66  stm32f4xx_hal_cortex.o(.text.__NVIC_SetPriority)
    [Anonymous Symbol]                       0x08002728   Section        0  stm32f4xx_hal_cortex.o(.text.__NVIC_SetPriority)
    __NVIC_SetPriorityGrouping               0x0800276d   Thumb Code    60  stm32f4xx_hal_cortex.o(.text.__NVIC_SetPriorityGrouping)
    [Anonymous Symbol]                       0x0800276c   Section        0  stm32f4xx_hal_cortex.o(.text.__NVIC_SetPriorityGrouping)
    __cxx_global_var_init                    0x080027a9   Thumb Code   104  callback.o(.text.__cxx_global_var_init)
    [Anonymous Symbol]                       0x080027a8   Section        0  callback.o(.text.__cxx_global_var_init)
    [Anonymous Symbol]                       0x08002810   Section        0  abort_message.cpp.o(.text.abort_message)
    [Anonymous Symbol]                       0x08002814   Section        0  main.o(.text.main)
    [Anonymous Symbol]                       0x08002834   Section        0  start.o(.text.startup)
    [Anonymous Symbol]                       0x0800284c   Section        0  cxa_guard.cpp.o(.text.unlikely.__cxa_guard_acquire)
    [Anonymous Symbol]                       0x080028ac   Section        0  cxa_guard.cpp.o(.text.unlikely.__cxa_guard_release)
    i.__ARM_fpclassify                       0x080028b4   Section        0  fpclassify.o(i.__ARM_fpclassify)
    i.__hardfp_pow                           0x080028e8   Section        0  pow.o(i.__hardfp_pow)
    i.__hardfp_round                         0x08003548   Section        0  round.o(i.__hardfp_round)
    i.__kernel_poly                          0x08003628   Section        0  poly.o(i.__kernel_poly)
    i.__mathlib_dbl_divzero                  0x08003720   Section        0  dunder.o(i.__mathlib_dbl_divzero)
    i.__mathlib_dbl_infnan2                  0x08003750   Section        0  dunder.o(i.__mathlib_dbl_infnan2)
    i.__mathlib_dbl_invalid                  0x08003768   Section        0  dunder.o(i.__mathlib_dbl_invalid)
    i.__mathlib_dbl_overflow                 0x08003788   Section        0  dunder.o(i.__mathlib_dbl_overflow)
    i.__mathlib_dbl_underflow                0x080037a8   Section        0  dunder.o(i.__mathlib_dbl_underflow)
    i.fabs                                   0x080037c8   Section        0  fabs.o(i.fabs)
    i.sqrt                                   0x080037e0   Section        0  sqrt.o(i.sqrt)
    $v0                                      0x0800384e   Number         0  basic.o(x$fpl$basic)
    x$fpl$basic                              0x0800384e   Section       24  basic.o(x$fpl$basic)
    $v0                                      0x08003868   Number         0  d2f.o(x$fpl$d2f)
    x$fpl$d2f                                0x08003868   Section       98  d2f.o(x$fpl$d2f)
    $v0                                      0x080038cc   Number         0  daddsub_clz.o(x$fpl$dadd)
    x$fpl$dadd                               0x080038cc   Section      336  daddsub_clz.o(x$fpl$dadd)
    _dadd1                                   0x080038dd   Thumb Code     0  daddsub_clz.o(x$fpl$dadd)
    $v0                                      0x08003a1c   Number         0  dcheck1.o(x$fpl$dcheck1)
    x$fpl$dcheck1                            0x08003a1c   Section       16  dcheck1.o(x$fpl$dcheck1)
    $v0                                      0x08003a2c   Number         0  dcmpi.o(x$fpl$dcmpinf)
    x$fpl$dcmpinf                            0x08003a2c   Section       24  dcmpi.o(x$fpl$dcmpinf)
    $v0                                      0x08003a44   Number         0  ddiv.o(x$fpl$ddiv)
    x$fpl$ddiv                               0x08003a44   Section      692  ddiv.o(x$fpl$ddiv)
    ddiv_entry                               0x08003a4b   Thumb Code     0  ddiv.o(x$fpl$ddiv)
    $v0                                      0x08003cf8   Number         0  dfix.o(x$fpl$dfix)
    x$fpl$dfix                               0x08003cf8   Section       94  dfix.o(x$fpl$dfix)
    $v0                                      0x08003d56   Number         0  dflt_clz.o(x$fpl$dflt)
    x$fpl$dflt                               0x08003d56   Section       46  dflt_clz.o(x$fpl$dflt)
    $v0                                      0x08003d84   Number         0  dleqf.o(x$fpl$dleqf)
    x$fpl$dleqf                              0x08003d84   Section      120  dleqf.o(x$fpl$dleqf)
    $v0                                      0x08003dfc   Number         0  dmul.o(x$fpl$dmul)
    x$fpl$dmul                               0x08003dfc   Section      340  dmul.o(x$fpl$dmul)
    $v0                                      0x08003f50   Number         0  dnaninf.o(x$fpl$dnaninf)
    x$fpl$dnaninf                            0x08003f50   Section      156  dnaninf.o(x$fpl$dnaninf)
    $v0                                      0x08003fec   Number         0  dretinf.o(x$fpl$dretinf)
    x$fpl$dretinf                            0x08003fec   Section       12  dretinf.o(x$fpl$dretinf)
    $v0                                      0x08003ff8   Number         0  drleqf.o(x$fpl$drleqf)
    x$fpl$drleqf                             0x08003ff8   Section      108  drleqf.o(x$fpl$drleqf)
    $v0                                      0x08004064   Number         0  drnd.o(x$fpl$drnd)
    x$fpl$drnd                               0x08004064   Section      180  drnd.o(x$fpl$drnd)
    $v0                                      0x08004118   Number         0  daddsub_clz.o(x$fpl$drsb)
    x$fpl$drsb                               0x08004118   Section       22  daddsub_clz.o(x$fpl$drsb)
    $v0                                      0x08004130   Number         0  dsqrt_umaal.o(x$fpl$dsqrt)
    x$fpl$dsqrt                              0x08004130   Section      408  dsqrt_umaal.o(x$fpl$dsqrt)
    $v0                                      0x080042c8   Number         0  daddsub_clz.o(x$fpl$dsub)
    x$fpl$dsub                               0x080042c8   Section      476  daddsub_clz.o(x$fpl$dsub)
    _dsub1                                   0x080042d9   Thumb Code     0  daddsub_clz.o(x$fpl$dsub)
    $v0                                      0x080044a4   Number         0  f2d.o(x$fpl$f2d)
    x$fpl$f2d                                0x080044a4   Section       86  f2d.o(x$fpl$f2d)
    $v0                                      0x080044fa   Number         0  fnaninf.o(x$fpl$fnaninf)
    x$fpl$fnaninf                            0x080044fa   Section      140  fnaninf.o(x$fpl$fnaninf)
    $v0                                      0x08004586   Number         0  fpinit.o(x$fpl$fpinit)
    x$fpl$fpinit                             0x08004586   Section       26  fpinit.o(x$fpl$fpinit)
    $v0                                      0x080045a0   Number         0  fretinf.o(x$fpl$fretinf)
    x$fpl$fretinf                            0x080045a0   Section       10  fretinf.o(x$fpl$fretinf)
    $v0                                      0x080045aa   Number         0  retnan.o(x$fpl$retnan)
    x$fpl$retnan                             0x080045aa   Section      100  retnan.o(x$fpl$retnan)
    $v0                                      0x0800460e   Number         0  scalbn.o(x$fpl$scalbn)
    x$fpl$scalbn                             0x0800460e   Section       92  scalbn.o(x$fpl$scalbn)
    $v0                                      0x0800466a   Number         0  trapv.o(x$fpl$trapveneer)
    x$fpl$trapveneer                         0x0800466a   Section       48  trapv.o(x$fpl$trapveneer)
    x$fpl$usenofp                            0x0800469a   Section        0  usenofp.o(x$fpl$usenofp)
    bp                                       0x080046a0   Data          16  pow.o(.constdata)
    .constdata                               0x080046a0   Section      136  pow.o(.constdata)
    dp_h                                     0x080046b0   Data          16  pow.o(.constdata)
    dp_l                                     0x080046c0   Data          16  pow.o(.constdata)
    L                                        0x080046d0   Data          48  pow.o(.constdata)
    P                                        0x08004700   Data          40  pow.o(.constdata)
    .constdata                               0x08004728   Section        8  qnan.o(.constdata)
    .init_array                              0x08004764   Section        0  init_aeabi.o(.init_array)
    .bss                                     0x20000010   Section       96  libspace.o(.bss)
    __tagsym$$used.0                         0x200000c0   Number         0  callback.o(.bss.leds)
    Heap_Mem                                 0x20000148   Data         512  startup_stm32f427xx.o(HEAP)
    HEAP                                     0x20000148   Section      512  startup_stm32f427xx.o(HEAP)
    Stack_Mem                                0x20000348   Data        1024  startup_stm32f427xx.o(STACK)
    STACK                                    0x20000348   Section     1024  startup_stm32f427xx.o(STACK)
    __initial_sp                             0x20000748   Data           0  startup_stm32f427xx.o(STACK)

    Global Symbols

    Symbol Name                              Value     Ov Type        Size  Object(Section)

    BuildAttributes$$THM_ISAv4$E$P$D$K$B$S$7EM$VFPi3$EXTD16$VFPS$VFMA$PE$A:L22UL41UL21$X:L11$S22US41US21$IEEE1$IW$~IW$USESV6$~STKCKD$USESV7$~SHL$OTIME$ROPI$IEEEX$EBA8$UX$STANDARDLIB$REQ8$PRES8$EABIv2 0x00000000   Number         0  anon$$obj.o ABSOLUTE
    __ARM_exceptions_init                     - Undefined Weak Reference
    __alloca_initialize                       - Undefined Weak Reference
    __arm_preinit_                            - Undefined Weak Reference
    __arm_relocate_pie_                       - Undefined Weak Reference
    __cxa_finalize                            - Undefined Weak Reference
    __rt_locale                               - Undefined Weak Reference
    __sigvec_lookup                           - Undefined Weak Reference
    _atexit_init                              - Undefined Weak Reference
    _call_atexit_fns                          - Undefined Weak Reference
    _clock_init                               - Undefined Weak Reference
    _fp_trap_init                             - Undefined Weak Reference
    _fp_trap_shutdown                         - Undefined Weak Reference
    _get_lc_collate                           - Undefined Weak Reference
    _get_lc_ctype                             - Undefined Weak Reference
    _get_lc_monetary                          - Undefined Weak Reference
    _get_lc_numeric                           - Undefined Weak Reference
    _get_lc_time                              - Undefined Weak Reference
    _getenv_init                              - Undefined Weak Reference
    _handle_redirection                       - Undefined Weak Reference
    _init_alloc                               - Undefined Weak Reference
    _init_user_alloc                          - Undefined Weak Reference
    _initio                                   - Undefined Weak Reference
    _rand_init                                - Undefined Weak Reference
    _signal_finish                            - Undefined Weak Reference
    _signal_init                              - Undefined Weak Reference
    _terminate_alloc                          - Undefined Weak Reference
    _terminate_user_alloc                     - Undefined Weak Reference
    _terminateio                              - Undefined Weak Reference
    __Vectors_Size                           0x000001ac   Number         0  startup_stm32f427xx.o ABSOLUTE
    __Vectors                                0x08000000   Data           4  startup_stm32f427xx.o(RESET)
    __Vectors_End                            0x080001ac   Data           0  startup_stm32f427xx.o(RESET)
    __main                                   0x080001ad   Thumb Code     8  __main.o(!!!main)
    __scatterload                            0x080001b5   Thumb Code     0  __scatter.o(!!!scatter)
    __scatterload_rt2                        0x080001b5   Thumb Code    44  __scatter.o(!!!scatter)
    __scatterload_rt2_thumb_only             0x080001b5   Thumb Code     0  __scatter.o(!!!scatter)
    __scatterload_null                       0x080001c3   Thumb Code     0  __scatter.o(!!!scatter)
    __scatterload_copy                       0x080001e9   Thumb Code    26  __scatter_copy.o(!!handler_copy)
    __scatterload_zeroinit                   0x08000205   Thumb Code    28  __scatter_zi.o(!!handler_zi)
    __rt_lib_init                            0x08000221   Thumb Code     0  libinit.o(.ARM.Collect$$libinit$$00000000)
    __rt_lib_init_fp_1                       0x08000223   Thumb Code     0  libinit2.o(.ARM.Collect$$libinit$$00000001)
    __rt_lib_init_alloca_1                   0x08000227   Thumb Code     0  libinit2.o(.ARM.Collect$$libinit$$00000030)
    __rt_lib_init_argv_1                     0x08000227   Thumb Code     0  libinit2.o(.ARM.Collect$$libinit$$0000002E)
    __rt_lib_init_atexit_1                   0x08000227   Thumb Code     0  libinit2.o(.ARM.Collect$$libinit$$0000001D)
    __rt_lib_init_clock_1                    0x08000227   Thumb Code     0  libinit2.o(.ARM.Collect$$libinit$$00000023)
    __rt_lib_init_cpp_2                      0x08000227   Thumb Code     0  libinit2.o(.ARM.Collect$$libinit$$00000033)
    __rt_lib_init_exceptions_1               0x08000227   Thumb Code     0  libinit2.o(.ARM.Collect$$libinit$$00000032)
    __rt_lib_init_fp_trap_1                  0x08000227   Thumb Code     0  libinit2.o(.ARM.Collect$$libinit$$00000021)
    __rt_lib_init_getenv_1                   0x08000227   Thumb Code     0  libinit2.o(.ARM.Collect$$libinit$$00000025)
    __rt_lib_init_heap_1                     0x08000227   Thumb Code     0  libinit2.o(.ARM.Collect$$libinit$$0000000C)
    __rt_lib_init_lc_collate_1               0x08000227   Thumb Code     0  libinit2.o(.ARM.Collect$$libinit$$00000013)
    __rt_lib_init_lc_ctype_1                 0x08000227   Thumb Code     0  libinit2.o(.ARM.Collect$$libinit$$00000015)
    __rt_lib_init_lc_monetary_1              0x08000227   Thumb Code     0  libinit2.o(.ARM.Collect$$libinit$$00000017)
    __rt_lib_init_lc_numeric_1               0x08000227   Thumb Code     0  libinit2.o(.ARM.Collect$$libinit$$00000019)
    __rt_lib_init_lc_time_1                  0x08000227   Thumb Code     0  libinit2.o(.ARM.Collect$$libinit$$0000001B)
    __rt_lib_init_preinit_1                  0x08000227   Thumb Code     0  libinit2.o(.ARM.Collect$$libinit$$00000006)
    __rt_lib_init_rand_1                     0x08000227   Thumb Code     0  libinit2.o(.ARM.Collect$$libinit$$00000010)
    __rt_lib_init_relocate_pie_1             0x08000227   Thumb Code     0  libinit2.o(.ARM.Collect$$libinit$$00000004)
    __rt_lib_init_signal_1                   0x08000227   Thumb Code     0  libinit2.o(.ARM.Collect$$libinit$$0000001F)
    __rt_lib_init_stdio_1                    0x08000227   Thumb Code     0  libinit2.o(.ARM.Collect$$libinit$$00000027)
    __rt_lib_init_user_alloc_1               0x08000227   Thumb Code     0  libinit2.o(.ARM.Collect$$libinit$$0000000E)
    __rt_lib_init_cpp_1                      0x0800022b   Thumb Code     0  libinit2.o(.ARM.Collect$$libinit$$00000034)
    __rt_lib_init_return                     0x0800022b   Thumb Code     0  libinit2.o(.ARM.Collect$$libinit$$00000035)
    __rt_lib_shutdown                        0x0800022d   Thumb Code     0  libshutdown.o(.ARM.Collect$$libshutdown$$00000000)
    __rt_lib_shutdown_cpp_1                  0x0800022f   Thumb Code     0  libshutdown2.o(.ARM.Collect$$libshutdown$$00000002)
    __rt_lib_shutdown_fp_trap_1              0x0800022f   Thumb Code     0  libshutdown2.o(.ARM.Collect$$libshutdown$$00000007)
    __rt_lib_shutdown_heap_1                 0x0800022f   Thumb Code     0  libshutdown2.o(.ARM.Collect$$libshutdown$$0000000F)
    __rt_lib_shutdown_return                 0x0800022f   Thumb Code     0  libshutdown2.o(.ARM.Collect$$libshutdown$$00000010)
    __rt_lib_shutdown_signal_1               0x0800022f   Thumb Code     0  libshutdown2.o(.ARM.Collect$$libshutdown$$0000000A)
    __rt_lib_shutdown_stdio_1                0x0800022f   Thumb Code     0  libshutdown2.o(.ARM.Collect$$libshutdown$$00000004)
    __rt_lib_shutdown_user_alloc_1           0x0800022f   Thumb Code     0  libshutdown2.o(.ARM.Collect$$libshutdown$$0000000C)
    __rt_entry                               0x08000231   Thumb Code     0  __rtentry.o(.ARM.Collect$$rtentry$$00000000)
    __rt_entry_presh_1                       0x08000231   Thumb Code     0  __rtentry2.o(.ARM.Collect$$rtentry$$00000002)
    __rt_entry_sh                            0x08000231   Thumb Code     0  __rtentry4.o(.ARM.Collect$$rtentry$$00000004)
    __rt_entry_li                            0x08000237   Thumb Code     0  __rtentry2.o(.ARM.Collect$$rtentry$$0000000A)
    __rt_entry_postsh_1                      0x08000237   Thumb Code     0  __rtentry2.o(.ARM.Collect$$rtentry$$00000009)
    __rt_entry_main                          0x0800023b   Thumb Code     0  __rtentry2.o(.ARM.Collect$$rtentry$$0000000D)
    __rt_entry_postli_1                      0x0800023b   Thumb Code     0  __rtentry2.o(.ARM.Collect$$rtentry$$0000000C)
    __rt_exit                                0x08000243   Thumb Code     0  rtexit.o(.ARM.Collect$$rtexit$$00000000)
    __rt_exit_ls                             0x08000245   Thumb Code     0  rtexit2.o(.ARM.Collect$$rtexit$$00000003)
    __rt_exit_prels_1                        0x08000245   Thumb Code     0  rtexit2.o(.ARM.Collect$$rtexit$$00000002)
    __rt_exit_exit                           0x08000249   Thumb Code     0  rtexit2.o(.ARM.Collect$$rtexit$$00000004)
    Reset_Handler                            0x08000251   Thumb Code     8  startup_stm32f427xx.o(.text)
    ADC_IRQHandler                           0x0800026b   Thumb Code     0  startup_stm32f427xx.o(.text)
    CAN1_RX0_IRQHandler                      0x0800026b   Thumb Code     0  startup_stm32f427xx.o(.text)
    CAN1_RX1_IRQHandler                      0x0800026b   Thumb Code     0  startup_stm32f427xx.o(.text)
    CAN1_SCE_IRQHandler                      0x0800026b   Thumb Code     0  startup_stm32f427xx.o(.text)
    CAN1_TX_IRQHandler                       0x0800026b   Thumb Code     0  startup_stm32f427xx.o(.text)
    CAN2_RX0_IRQHandler                      0x0800026b   Thumb Code     0  startup_stm32f427xx.o(.text)
    CAN2_RX1_IRQHandler                      0x0800026b   Thumb Code     0  startup_stm32f427xx.o(.text)
    CAN2_SCE_IRQHandler                      0x0800026b   Thumb Code     0  startup_stm32f427xx.o(.text)
    CAN2_TX_IRQHandler                       0x0800026b   Thumb Code     0  startup_stm32f427xx.o(.text)
    DCMI_IRQHandler                          0x0800026b   Thumb Code     0  startup_stm32f427xx.o(.text)
    DMA1_Stream0_IRQHandler                  0x0800026b   Thumb Code     0  startup_stm32f427xx.o(.text)
    DMA1_Stream1_IRQHandler                  0x0800026b   Thumb Code     0  startup_stm32f427xx.o(.text)
    DMA1_Stream2_IRQHandler                  0x0800026b   Thumb Code     0  startup_stm32f427xx.o(.text)
    DMA1_Stream3_IRQHandler                  0x0800026b   Thumb Code     0  startup_stm32f427xx.o(.text)
    DMA1_Stream4_IRQHandler                  0x0800026b   Thumb Code     0  startup_stm32f427xx.o(.text)
    DMA1_Stream5_IRQHandler                  0x0800026b   Thumb Code     0  startup_stm32f427xx.o(.text)
    DMA1_Stream6_IRQHandler                  0x0800026b   Thumb Code     0  startup_stm32f427xx.o(.text)
    DMA1_Stream7_IRQHandler                  0x0800026b   Thumb Code     0  startup_stm32f427xx.o(.text)
    DMA2D_IRQHandler                         0x0800026b   Thumb Code     0  startup_stm32f427xx.o(.text)
    DMA2_Stream0_IRQHandler                  0x0800026b   Thumb Code     0  startup_stm32f427xx.o(.text)
    DMA2_Stream1_IRQHandler                  0x0800026b   Thumb Code     0  startup_stm32f427xx.o(.text)
    DMA2_Stream2_IRQHandler                  0x0800026b   Thumb Code     0  startup_stm32f427xx.o(.text)
    DMA2_Stream3_IRQHandler                  0x0800026b   Thumb Code     0  startup_stm32f427xx.o(.text)
    DMA2_Stream4_IRQHandler                  0x0800026b   Thumb Code     0  startup_stm32f427xx.o(.text)
    DMA2_Stream5_IRQHandler                  0x0800026b   Thumb Code     0  startup_stm32f427xx.o(.text)
    DMA2_Stream6_IRQHandler                  0x0800026b   Thumb Code     0  startup_stm32f427xx.o(.text)
    DMA2_Stream7_IRQHandler                  0x0800026b   Thumb Code     0  startup_stm32f427xx.o(.text)
    ETH_IRQHandler                           0x0800026b   Thumb Code     0  startup_stm32f427xx.o(.text)
    ETH_WKUP_IRQHandler                      0x0800026b   Thumb Code     0  startup_stm32f427xx.o(.text)
    EXTI0_IRQHandler                         0x0800026b   Thumb Code     0  startup_stm32f427xx.o(.text)
    EXTI15_10_IRQHandler                     0x0800026b   Thumb Code     0  startup_stm32f427xx.o(.text)
    EXTI1_IRQHandler                         0x0800026b   Thumb Code     0  startup_stm32f427xx.o(.text)
    EXTI2_IRQHandler                         0x0800026b   Thumb Code     0  startup_stm32f427xx.o(.text)
    EXTI3_IRQHandler                         0x0800026b   Thumb Code     0  startup_stm32f427xx.o(.text)
    EXTI4_IRQHandler                         0x0800026b   Thumb Code     0  startup_stm32f427xx.o(.text)
    EXTI9_5_IRQHandler                       0x0800026b   Thumb Code     0  startup_stm32f427xx.o(.text)
    FLASH_IRQHandler                         0x0800026b   Thumb Code     0  startup_stm32f427xx.o(.text)
    FMC_IRQHandler                           0x0800026b   Thumb Code     0  startup_stm32f427xx.o(.text)
    FPU_IRQHandler                           0x0800026b   Thumb Code     0  startup_stm32f427xx.o(.text)
    HASH_RNG_IRQHandler                      0x0800026b   Thumb Code     0  startup_stm32f427xx.o(.text)
    I2C1_ER_IRQHandler                       0x0800026b   Thumb Code     0  startup_stm32f427xx.o(.text)
    I2C1_EV_IRQHandler                       0x0800026b   Thumb Code     0  startup_stm32f427xx.o(.text)
    I2C2_ER_IRQHandler                       0x0800026b   Thumb Code     0  startup_stm32f427xx.o(.text)
    I2C2_EV_IRQHandler                       0x0800026b   Thumb Code     0  startup_stm32f427xx.o(.text)
    I2C3_ER_IRQHandler                       0x0800026b   Thumb Code     0  startup_stm32f427xx.o(.text)
    I2C3_EV_IRQHandler                       0x0800026b   Thumb Code     0  startup_stm32f427xx.o(.text)
    OTG_FS_IRQHandler                        0x0800026b   Thumb Code     0  startup_stm32f427xx.o(.text)
    OTG_FS_WKUP_IRQHandler                   0x0800026b   Thumb Code     0  startup_stm32f427xx.o(.text)
    OTG_HS_EP1_IN_IRQHandler                 0x0800026b   Thumb Code     0  startup_stm32f427xx.o(.text)
    OTG_HS_EP1_OUT_IRQHandler                0x0800026b   Thumb Code     0  startup_stm32f427xx.o(.text)
    OTG_HS_IRQHandler                        0x0800026b   Thumb Code     0  startup_stm32f427xx.o(.text)
    OTG_HS_WKUP_IRQHandler                   0x0800026b   Thumb Code     0  startup_stm32f427xx.o(.text)
    PVD_IRQHandler                           0x0800026b   Thumb Code     0  startup_stm32f427xx.o(.text)
    RCC_IRQHandler                           0x0800026b   Thumb Code     0  startup_stm32f427xx.o(.text)
    RTC_Alarm_IRQHandler                     0x0800026b   Thumb Code     0  startup_stm32f427xx.o(.text)
    RTC_WKUP_IRQHandler                      0x0800026b   Thumb Code     0  startup_stm32f427xx.o(.text)
    SAI1_IRQHandler                          0x0800026b   Thumb Code     0  startup_stm32f427xx.o(.text)
    SDIO_IRQHandler                          0x0800026b   Thumb Code     0  startup_stm32f427xx.o(.text)
    SPI1_IRQHandler                          0x0800026b   Thumb Code     0  startup_stm32f427xx.o(.text)
    SPI2_IRQHandler                          0x0800026b   Thumb Code     0  startup_stm32f427xx.o(.text)
    SPI3_IRQHandler                          0x0800026b   Thumb Code     0  startup_stm32f427xx.o(.text)
    SPI4_IRQHandler                          0x0800026b   Thumb Code     0  startup_stm32f427xx.o(.text)
    SPI5_IRQHandler                          0x0800026b   Thumb Code     0  startup_stm32f427xx.o(.text)
    SPI6_IRQHandler                          0x0800026b   Thumb Code     0  startup_stm32f427xx.o(.text)
    TAMP_STAMP_IRQHandler                    0x0800026b   Thumb Code     0  startup_stm32f427xx.o(.text)
    TIM1_BRK_TIM9_IRQHandler                 0x0800026b   Thumb Code     0  startup_stm32f427xx.o(.text)
    TIM1_CC_IRQHandler                       0x0800026b   Thumb Code     0  startup_stm32f427xx.o(.text)
    TIM1_TRG_COM_TIM11_IRQHandler            0x0800026b   Thumb Code     0  startup_stm32f427xx.o(.text)
    TIM2_IRQHandler                          0x0800026b   Thumb Code     0  startup_stm32f427xx.o(.text)
    TIM3_IRQHandler                          0x0800026b   Thumb Code     0  startup_stm32f427xx.o(.text)
    TIM4_IRQHandler                          0x0800026b   Thumb Code     0  startup_stm32f427xx.o(.text)
    TIM5_IRQHandler                          0x0800026b   Thumb Code     0  startup_stm32f427xx.o(.text)
    TIM6_DAC_IRQHandler                      0x0800026b   Thumb Code     0  startup_stm32f427xx.o(.text)
    TIM7_IRQHandler                          0x0800026b   Thumb Code     0  startup_stm32f427xx.o(.text)
    TIM8_BRK_TIM12_IRQHandler                0x0800026b   Thumb Code     0  startup_stm32f427xx.o(.text)
    TIM8_CC_IRQHandler                       0x0800026b   Thumb Code     0  startup_stm32f427xx.o(.text)
    TIM8_TRG_COM_TIM14_IRQHandler            0x0800026b   Thumb Code     0  startup_stm32f427xx.o(.text)
    TIM8_UP_TIM13_IRQHandler                 0x0800026b   Thumb Code     0  startup_stm32f427xx.o(.text)
    UART4_IRQHandler                         0x0800026b   Thumb Code     0  startup_stm32f427xx.o(.text)
    UART5_IRQHandler                         0x0800026b   Thumb Code     0  startup_stm32f427xx.o(.text)
    UART7_IRQHandler                         0x0800026b   Thumb Code     0  startup_stm32f427xx.o(.text)
    UART8_IRQHandler                         0x0800026b   Thumb Code     0  startup_stm32f427xx.o(.text)
    USART1_IRQHandler                        0x0800026b   Thumb Code     0  startup_stm32f427xx.o(.text)
    USART2_IRQHandler                        0x0800026b   Thumb Code     0  startup_stm32f427xx.o(.text)
    USART3_IRQHandler                        0x0800026b   Thumb Code     0  startup_stm32f427xx.o(.text)
    USART6_IRQHandler                        0x0800026b   Thumb Code     0  startup_stm32f427xx.o(.text)
    WWDG_IRQHandler                          0x0800026b   Thumb Code     0  startup_stm32f427xx.o(.text)
    __user_initial_stackheap                 0x0800026d   Thumb Code     0  startup_stm32f427xx.o(.text)
    __aeabi_uldivmod                         0x08000291   Thumb Code     0  lludivv7m.o(.text)
    _ll_udiv                                 0x08000291   Thumb Code   240  lludivv7m.o(.text)
    __aeabi_memclr4                          0x08000381   Thumb Code     0  rt_memclr_w.o(.text)
    __aeabi_memclr8                          0x08000381   Thumb Code     0  rt_memclr_w.o(.text)
    __rt_memclr_w                            0x08000381   Thumb Code     0  rt_memclr_w.o(.text)
    _memset_w                                0x08000385   Thumb Code    74  rt_memclr_w.o(.text)
    __use_two_region_memory                  0x080003cf   Thumb Code     2  heapauxi.o(.text)
    __rt_heap_escrow$2region                 0x080003d1   Thumb Code     2  heapauxi.o(.text)
    __rt_heap_expand$2region                 0x080003d3   Thumb Code     2  heapauxi.o(.text)
    __cpp_initialize__aeabi_                 0x080003d5   Thumb Code    28  init_aeabi.o(.text)
    __read_errno                             0x080003f9   Thumb Code    10  _rserrno.o(.text)
    __set_errno                              0x08000403   Thumb Code    12  _rserrno.o(.text)
    __aeabi_errno_addr                       0x08000411   Thumb Code     8  rt_errno_addr_intlibspace.o(.text)
    __errno$intlibspace                      0x08000411   Thumb Code     0  rt_errno_addr_intlibspace.o(.text)
    __rt_errno_addr$intlibspace              0x08000411   Thumb Code     0  rt_errno_addr_intlibspace.o(.text)
    abort                                    0x08000419   Thumb Code    22  abort.o(.text)
    _sys_exit                                0x08000431   Thumb Code     8  sys_exit.o(.text)
    __user_libspace                          0x0800043d   Thumb Code     8  libspace.o(.text)
    __user_perproc_libspace                  0x0800043d   Thumb Code     0  libspace.o(.text)
    __user_perthread_libspace                0x0800043d   Thumb Code     0  libspace.o(.text)
    __user_setup_stackheap                   0x08000445   Thumb Code    74  sys_stackheap_outer.o(.text)
    exit                                     0x0800048f   Thumb Code    18  exit.o(.text)
    __rt_SIGABRT                             0x080004a1   Thumb Code    14  defsig_abrt_outer.o(.text)
    __I$use$semihosting                      0x080004af   Thumb Code     0  use_no_semi.o(.text)
    __use_no_semihosting_swi                 0x080004af   Thumb Code     2  use_no_semi.o(.text)
    __semihosting_library_function           0x080004b1   Thumb Code     0  indicate_semi.o(.text)
    __sig_exit                               0x080004b1   Thumb Code    10  defsig_exit.o(.text)
    __rt_SIGABRT_inner                       0x080004bd   Thumb Code    14  defsig_abrt_inner.o(.text)
    __default_signal_display                 0x080004ed   Thumb Code    50  defsig_general.o(.text)
    _ttywrch                                 0x0800051f   Thumb Code    14  sys_wrch.o(.text)
    BusFault_Handler                         0x0800052d   Thumb Code     4  stm32f4xx_it.o(.text.BusFault_Handler)
    DebugMon_Handler                         0x08000531   Thumb Code     2  stm32f4xx_it.o(.text.DebugMon_Handler)
    Error_Handler                            0x08000535   Thumb Code    14  main.o(.text.Error_Handler)
    HAL_GPIO_Init                            0x08000545   Thumb Code  1006  stm32f4xx_hal_gpio.o(.text.HAL_GPIO_Init)
    HAL_GPIO_WritePin                        0x08000935   Thumb Code    46  stm32f4xx_hal_gpio.o(.text.HAL_GPIO_WritePin)
    HAL_GetTick                              0x08000965   Thumb Code    12  stm32f4xx_hal.o(.text.HAL_GetTick)
    HAL_IncTick                              0x08000971   Thumb Code    26  stm32f4xx_hal.o(.text.HAL_IncTick)
    HAL_Init                                 0x0800098d   Thumb Code    54  stm32f4xx_hal.o(.text.HAL_Init)
    HAL_InitTick                             0x080009c5   Thumb Code   112  stm32f4xx_hal.o(.text.HAL_InitTick)
    HAL_MspInit                              0x08000a35   Thumb Code    74  stm32f4xx_hal_msp.o(.text.HAL_MspInit)
    HAL_NVIC_EnableIRQ                       0x08000a81   Thumb Code    20  stm32f4xx_hal_cortex.o(.text.HAL_NVIC_EnableIRQ)
    HAL_NVIC_SetPriority                     0x08000a95   Thumb Code    50  stm32f4xx_hal_cortex.o(.text.HAL_NVIC_SetPriority)
    HAL_NVIC_SetPriorityGrouping             0x08000ac9   Thumb Code    16  stm32f4xx_hal_cortex.o(.text.HAL_NVIC_SetPriorityGrouping)
    HAL_PWREx_EnableOverDrive                0x08000ad9   Thumb Code   190  stm32f4xx_hal_pwr_ex.o(.text.HAL_PWREx_EnableOverDrive)
    HAL_RCC_ClockConfig                      0x08000b99   Thumb Code   610  stm32f4xx_hal_rcc.o(.text.HAL_RCC_ClockConfig)
    HAL_RCC_GetSysClockFreq                  0x08000dfd   Thumb Code   230  stm32f4xx_hal_rcc.o(.text.HAL_RCC_GetSysClockFreq)
    HAL_RCC_OscConfig                        0x08000ee5   Thumb Code  1726  stm32f4xx_hal_rcc.o(.text.HAL_RCC_OscConfig)
    HAL_SYSTICK_Config                       0x080015a5   Thumb Code    16  stm32f4xx_hal_cortex.o(.text.HAL_SYSTICK_Config)
    HAL_TIMEx_BreakCallback                  0x080015b5   Thumb Code     8  stm32f4xx_hal_tim_ex.o(.text.HAL_TIMEx_BreakCallback)
    HAL_TIMEx_CommutCallback                 0x080015bd   Thumb Code     8  stm32f4xx_hal_tim_ex.o(.text.HAL_TIMEx_CommutCallback)
    HAL_TIMEx_MasterConfigSynchronization    0x080015c5   Thumb Code   290  stm32f4xx_hal_tim_ex.o(.text.HAL_TIMEx_MasterConfigSynchronization)
    HAL_TIM_Base_Init                        0x080016e9   Thumb Code   156  stm32f4xx_hal_tim.o(.text.HAL_TIM_Base_Init)
    HAL_TIM_Base_MspInit                     0x08001785   Thumb Code    80  tim.o(.text.HAL_TIM_Base_MspInit)
    HAL_TIM_Base_Start_IT                    0x080017d5   Thumb Code   246  stm32f4xx_hal_tim.o(.text.HAL_TIM_Base_Start_IT)
    HAL_TIM_ConfigClockSource                0x080018cd   Thumb Code   388  stm32f4xx_hal_tim.o(.text.HAL_TIM_ConfigClockSource)
    HAL_TIM_IC_CaptureCallback               0x08001a51   Thumb Code     8  stm32f4xx_hal_tim.o(.text.HAL_TIM_IC_CaptureCallback)
    HAL_TIM_IRQHandler                       0x08001a59   Thumb Code   634  stm32f4xx_hal_tim.o(.text.HAL_TIM_IRQHandler)
    HAL_TIM_OC_DelayElapsedCallback          0x08001cd5   Thumb Code     8  stm32f4xx_hal_tim.o(.text.HAL_TIM_OC_DelayElapsedCallback)
    HAL_TIM_PWM_PulseFinishedCallback        0x08001cdd   Thumb Code     8  stm32f4xx_hal_tim.o(.text.HAL_TIM_PWM_PulseFinishedCallback)
    HAL_TIM_PeriodElapsedCallback            0x08001ce5   Thumb Code    32  callback.o(.text.HAL_TIM_PeriodElapsedCallback)
    HAL_TIM_TriggerCallback                  0x08001d05   Thumb Code     8  stm32f4xx_hal_tim.o(.text.HAL_TIM_TriggerCallback)
    HardFault_Handler                        0x08001d0d   Thumb Code     4  stm32f4xx_it.o(.text.HardFault_Handler)
    MX_GPIO_Init                             0x08001d11   Thumb Code   232  gpio.o(.text.MX_GPIO_Init)
    MX_TIM1_Init                             0x08001df9   Thumb Code   132  tim.o(.text.MX_TIM1_Init)
    MemManage_Handler                        0x08001e7d   Thumb Code     4  stm32f4xx_it.o(.text.MemManage_Handler)
    NMI_Handler                              0x08001e81   Thumb Code     4  stm32f4xx_it.o(.text.NMI_Handler)
    PendSV_Handler                           0x08001ef1   Thumb Code     2  stm32f4xx_it.o(.text.PendSV_Handler)
    SVC_Handler                              0x08001ef5   Thumb Code     2  stm32f4xx_it.o(.text.SVC_Handler)
    SysTick_Handler                          0x08001f4d   Thumb Code     8  stm32f4xx_it.o(.text.SysTick_Handler)
    SystemClock_Config                       0x08001f55   Thumb Code   202  main.o(.text.SystemClock_Config)
    SystemInit                               0x08002021   Thumb Code    18  system_stm32f4xx.o(.text.SystemInit)
    TIM1_UP_TIM10_IRQHandler                 0x08002035   Thumb Code    16  stm32f4xx_it.o(.text.TIM1_UP_TIM10_IRQHandler)
    TIM_Base_SetConfig                       0x08002045   Thumb Code   410  stm32f4xx_hal_tim.o(.text.TIM_Base_SetConfig)
    TIM_ETR_SetConfig                        0x080021e1   Thumb Code    52  stm32f4xx_hal_tim.o(.text.TIM_ETR_SetConfig)
    UsageFault_Handler                       0x080022e5   Thumb Code     4  stm32f4xx_it.o(.text.UsageFault_Handler)
    LEDTaskRoutine()                         0x080022e9   Thumb Code   184  led_task.o(.text._Z14LEDTaskRoutinev)
    std::__2::enable_if<std::is_arithmetic<double>::value && std::is_arithmetic<float>::value, std::__2::__promote<double, float, void>>::type::type pow[abi:v16000]<double, float>(double, float) 0x080023a1   Thumb Code    42  led.o(.text._Z3powB6v16000IdfENSt3__29enable_ifIXaasr3std13is_arithmeticIT_EE5valuesr3std13is_arithmeticIT0_EE5valueENS0_9__promoteIS2_S3_vEEE4type4typeES2_S3_)
    initLEDs()                               0x080023d1   Thumb Code   448  led_task.o(.text._Z8initLEDsv)
    LED::timerRoutine()                      0x08002591   Thumb Code    80  led.o(.text._ZN3LED12timerRoutineEv)
    LED::calcRealCurrentLight()              0x080025e1   Thumb Code   120  led.o(.text._ZN3LED20calcRealCurrentLightEv)
    LED::setCurrentLightLevel(unsigned char) 0x08002659   Thumb Code    26  led.o(.text._ZN3LED20setCurrentLightLevelEh)
    LED::LED(GPIO_TypeDef*, unsigned short, unsigned char, double) 0x08002675   Thumb Code    74  led.o(.text._ZN3LEDC2EP12GPIO_TypeDefthd)
    LED::LED__sub_object(GPIO_TypeDef*, unsigned short, unsigned char, double) 0x08002675   Thumb Code    74  led.o(.text._ZN3LEDC2EP12GPIO_TypeDefthd)
    LED::LED()                               0x080026c1   Thumb Code    26  led.o(.text._ZN3LEDC2Ev)
    LED::LED__sub_object()                   0x080026c1   Thumb Code    26  led.o(.text._ZN3LEDC2Ev)
    LED::getCurrentLightLevel() const        0x080026dd   Thumb Code    12  led.o(.text._ZNK3LED20getCurrentLightLevelEv)
    abort_message                            0x08002811   Thumb Code     4  abort_message.cpp.o(.text.abort_message)
    main                                     0x08002815   Thumb Code    32  main.o(.text.main)
    startup                                  0x08002835   Thumb Code    22  start.o(.text.startup)
    __cxa_guard_acquire                      0x0800284d   Thumb Code    40  cxa_guard.cpp.o(.text.unlikely.__cxa_guard_acquire)
    __cxa_guard_release                      0x080028ad   Thumb Code     8  cxa_guard.cpp.o(.text.unlikely.__cxa_guard_release)
    __ARM_fpclassify                         0x080028b5   Thumb Code    48  fpclassify.o(i.__ARM_fpclassify)
    __hardfp_pow                             0x080028e9   Thumb Code  3088  pow.o(i.__hardfp_pow)
    __hardfp_round                           0x08003549   Thumb Code   194  round.o(i.__hardfp_round)
    __kernel_poly                            0x08003629   Thumb Code   248  poly.o(i.__kernel_poly)
    __mathlib_dbl_divzero                    0x08003721   Thumb Code    28  dunder.o(i.__mathlib_dbl_divzero)
    __mathlib_dbl_infnan2                    0x08003751   Thumb Code    20  dunder.o(i.__mathlib_dbl_infnan2)
    __mathlib_dbl_invalid                    0x08003769   Thumb Code    24  dunder.o(i.__mathlib_dbl_invalid)
    __mathlib_dbl_overflow                   0x08003789   Thumb Code    24  dunder.o(i.__mathlib_dbl_overflow)
    __mathlib_dbl_underflow                  0x080037a9   Thumb Code    24  dunder.o(i.__mathlib_dbl_underflow)
    fabs                                     0x080037c9   Thumb Code    24  fabs.o(i.fabs)
    sqrt                                     0x080037e1   Thumb Code   110  sqrt.o(i.sqrt)
    __aeabi_dneg                             0x0800384f   Thumb Code     0  basic.o(x$fpl$basic)
    _dneg                                    0x0800384f   Thumb Code     6  basic.o(x$fpl$basic)
    __aeabi_fneg                             0x08003855   Thumb Code     0  basic.o(x$fpl$basic)
    _fneg                                    0x08003855   Thumb Code     6  basic.o(x$fpl$basic)
    _dabs                                    0x0800385b   Thumb Code     6  basic.o(x$fpl$basic)
    _fabs                                    0x08003861   Thumb Code     6  basic.o(x$fpl$basic)
    __aeabi_d2f                              0x08003869   Thumb Code     0  d2f.o(x$fpl$d2f)
    _d2f                                     0x08003869   Thumb Code    98  d2f.o(x$fpl$d2f)
    __aeabi_dadd                             0x080038cd   Thumb Code     0  daddsub_clz.o(x$fpl$dadd)
    _dadd                                    0x080038cd   Thumb Code   332  daddsub_clz.o(x$fpl$dadd)
    __fpl_dcheck_NaN1                        0x08003a1d   Thumb Code    10  dcheck1.o(x$fpl$dcheck1)
    __fpl_dcmp_Inf                           0x08003a2d   Thumb Code    24  dcmpi.o(x$fpl$dcmpinf)
    __aeabi_ddiv                             0x08003a45   Thumb Code     0  ddiv.o(x$fpl$ddiv)
    _ddiv                                    0x08003a45   Thumb Code   556  ddiv.o(x$fpl$ddiv)
    __aeabi_d2iz                             0x08003cf9   Thumb Code     0  dfix.o(x$fpl$dfix)
    _dfix                                    0x08003cf9   Thumb Code    94  dfix.o(x$fpl$dfix)
    __aeabi_i2d                              0x08003d57   Thumb Code     0  dflt_clz.o(x$fpl$dflt)
    _dflt                                    0x08003d57   Thumb Code    46  dflt_clz.o(x$fpl$dflt)
    __aeabi_cdcmple                          0x08003d85   Thumb Code     0  dleqf.o(x$fpl$dleqf)
    _dcmple                                  0x08003d85   Thumb Code   120  dleqf.o(x$fpl$dleqf)
    __fpl_dcmple_InfNaN                      0x08003de7   Thumb Code     0  dleqf.o(x$fpl$dleqf)
    __aeabi_dmul                             0x08003dfd   Thumb Code     0  dmul.o(x$fpl$dmul)
    _dmul                                    0x08003dfd   Thumb Code   332  dmul.o(x$fpl$dmul)
    __fpl_dnaninf                            0x08003f51   Thumb Code   156  dnaninf.o(x$fpl$dnaninf)
    __fpl_dretinf                            0x08003fed   Thumb Code    12  dretinf.o(x$fpl$dretinf)
    __aeabi_cdrcmple                         0x08003ff9   Thumb Code     0  drleqf.o(x$fpl$drleqf)
    _drcmple                                 0x08003ff9   Thumb Code   108  drleqf.o(x$fpl$drleqf)
    _drnd                                    0x08004065   Thumb Code   180  drnd.o(x$fpl$drnd)
    __aeabi_drsub                            0x08004119   Thumb Code     0  daddsub_clz.o(x$fpl$drsb)
    _drsb                                    0x08004119   Thumb Code    22  daddsub_clz.o(x$fpl$drsb)
    _dsqrt                                   0x08004131   Thumb Code   404  dsqrt_umaal.o(x$fpl$dsqrt)
    __aeabi_dsub                             0x080042c9   Thumb Code     0  daddsub_clz.o(x$fpl$dsub)
    _dsub                                    0x080042c9   Thumb Code   472  daddsub_clz.o(x$fpl$dsub)
    __aeabi_f2d                              0x080044a5   Thumb Code     0  f2d.o(x$fpl$f2d)
    _f2d                                     0x080044a5   Thumb Code    86  f2d.o(x$fpl$f2d)
    __fpl_fnaninf                            0x080044fb   Thumb Code   140  fnaninf.o(x$fpl$fnaninf)
    _fp_init                                 0x08004587   Thumb Code    26  fpinit.o(x$fpl$fpinit)
    __fplib_config_fpu_vfp                   0x0800459f   Thumb Code     0  fpinit.o(x$fpl$fpinit)
    __fplib_config_pureend_doubles           0x0800459f   Thumb Code     0  fpinit.o(x$fpl$fpinit)
    __fpl_fretinf                            0x080045a1   Thumb Code    10  fretinf.o(x$fpl$fretinf)
    __fpl_return_NaN                         0x080045ab   Thumb Code   100  retnan.o(x$fpl$retnan)
    __ARM_scalbn                             0x0800460f   Thumb Code    92  scalbn.o(x$fpl$scalbn)
    __fpl_cmpreturn                          0x0800466b   Thumb Code    48  trapv.o(x$fpl$trapveneer)
    __I$use$fp                               0x0800469a   Number         0  usenofp.o(x$fpl$usenofp)
    __mathlib_zero                           0x08004728   Data           8  qnan.o(.constdata)
    AHBPrescTable                            0x08004730   Data          16  system_stm32f4xx.o(.rodata.AHBPrescTable)
    Region$$Table$$Base                      0x08004740   Number         0  anon$$obj.o(Region$$Table)
    Region$$Table$$Limit                     0x08004760   Number         0  anon$$obj.o(Region$$Table)
    SHT$$INIT_ARRAY$$Base                    0x08004760   Number         0  callback.o(.init_array)
    SHT$$INIT_ARRAY$$Limit                   0x08004764   Number         0  init_aeabi.o(.init_array)
    SystemCoreClock                          0x20000000   Data           4  system_stm32f4xx.o(.data.SystemCoreClock)
    uwTickFreq                               0x20000004   Data           1  stm32f4xx_hal.o(.data.uwTickFreq)
    uwTickPrio                               0x20000008   Data           4  stm32f4xx_hal.o(.data.uwTickPrio)
    __libspace_start                         0x20000010   Data          96  libspace.o(.bss)
    guard variable for leds                  0x20000070   Data           4  callback.o(.bss._ZGV4leds)
    __temporary_stack_top$libspace           0x20000070   Data           0  libspace.o(.bss)
    htim1                                    0x20000074   Data          72  tim.o(.bss.htim1)
    ledTaskCount                             0x200000bc   Data           4  led_task.o(.bss.ledTaskCount)
    leds                                     0x200000c0   Data         128  callback.o(.bss.leds)
    uwTick                                   0x20000140   Data           4  stm32f4xx_hal.o(.bss.uwTick)



==============================================================================

Memory Map of the image

  Image Entry point : 0x080001ad

  Load Region LR_IROM1 (Base: 0x08000000, Size: 0x00004778, Max: 0x00200000, ABSOLUTE)

    Execution Region ER_IROM1 (Exec base: 0x08000000, Load base: 0x08000000, Size: 0x00004764, Max: 0x00200000, ABSOLUTE)

    Exec Addr    Load Addr    Size         Type   Attr      Idx    E Section Name        Object

    0x08000000   0x08000000   0x000001ac   Data   RO            3    RESET               startup_stm32f427xx.o
    0x080001ac   0x080001ac   0x00000008   Code   RO          958  * !!!main             c_w.l(__main.o)
    0x080001b4   0x080001b4   0x00000034   Code   RO         1264    !!!scatter          c_w.l(__scatter.o)
    0x080001e8   0x080001e8   0x0000001a   Code   RO         1266    !!handler_copy      c_w.l(__scatter_copy.o)
    0x08000202   0x08000202   0x00000002   PAD
    0x08000204   0x08000204   0x0000001c   Code   RO         1268    !!handler_zi        c_w.l(__scatter_zi.o)
    0x08000220   0x08000220   0x00000002   Code   RO         1185    .ARM.Collect$$libinit$$00000000  c_w.l(libinit.o)
    0x08000222   0x08000222   0x00000004   Code   RO         1006    .ARM.Collect$$libinit$$00000001  c_w.l(libinit2.o)
    0x08000226   0x08000226   0x00000000   Code   RO         1009    .ARM.Collect$$libinit$$00000004  c_w.l(libinit2.o)
    0x08000226   0x08000226   0x00000000   Code   RO         1011    .ARM.Collect$$libinit$$00000006  c_w.l(libinit2.o)
    0x08000226   0x08000226   0x00000000   Code   RO         1014    .ARM.Collect$$libinit$$0000000C  c_w.l(libinit2.o)
    0x08000226   0x08000226   0x00000000   Code   RO         1016    .ARM.Collect$$libinit$$0000000E  c_w.l(libinit2.o)
    0x08000226   0x08000226   0x00000000   Code   RO         1018    .ARM.Collect$$libinit$$00000010  c_w.l(libinit2.o)
    0x08000226   0x08000226   0x00000000   Code   RO         1021    .ARM.Collect$$libinit$$00000013  c_w.l(libinit2.o)
    0x08000226   0x08000226   0x00000000   Code   RO         1023    .ARM.Collect$$libinit$$00000015  c_w.l(libinit2.o)
    0x08000226   0x08000226   0x00000000   Code   RO         1025    .ARM.Collect$$libinit$$00000017  c_w.l(libinit2.o)
    0x08000226   0x08000226   0x00000000   Code   RO         1027    .ARM.Collect$$libinit$$00000019  c_w.l(libinit2.o)
    0x08000226   0x08000226   0x00000000   Code   RO         1029    .ARM.Collect$$libinit$$0000001B  c_w.l(libinit2.o)
    0x08000226   0x08000226   0x00000000   Code   RO         1031    .ARM.Collect$$libinit$$0000001D  c_w.l(libinit2.o)
    0x08000226   0x08000226   0x00000000   Code   RO         1033    .ARM.Collect$$libinit$$0000001F  c_w.l(libinit2.o)
    0x08000226   0x08000226   0x00000000   Code   RO         1035    .ARM.Collect$$libinit$$00000021  c_w.l(libinit2.o)
    0x08000226   0x08000226   0x00000000   Code   RO         1037    .ARM.Collect$$libinit$$00000023  c_w.l(libinit2.o)
    0x08000226   0x08000226   0x00000000   Code   RO         1039    .ARM.Collect$$libinit$$00000025  c_w.l(libinit2.o)
    0x08000226   0x08000226   0x00000000   Code   RO         1041    .ARM.Collect$$libinit$$00000027  c_w.l(libinit2.o)
    0x08000226   0x08000226   0x00000000   Code   RO         1045    .ARM.Collect$$libinit$$0000002E  c_w.l(libinit2.o)
    0x08000226   0x08000226   0x00000000   Code   RO         1047    .ARM.Collect$$libinit$$00000030  c_w.l(libinit2.o)
    0x08000226   0x08000226   0x00000000   Code   RO         1049    .ARM.Collect$$libinit$$00000032  c_w.l(libinit2.o)
    0x08000226   0x08000226   0x00000004   Code   RO         1050    .ARM.Collect$$libinit$$00000033  c_w.l(libinit2.o)
    0x0800022a   0x0800022a   0x00000000   Code   RO         1051    .ARM.Collect$$libinit$$00000034  c_w.l(libinit2.o)
    0x0800022a   0x0800022a   0x00000002   Code   RO         1052    .ARM.Collect$$libinit$$00000035  c_w.l(libinit2.o)
    0x0800022c   0x0800022c   0x00000002   Code   RO         1234    .ARM.Collect$$libshutdown$$00000000  c_w.l(libshutdown.o)
    0x0800022e   0x0800022e   0x00000000   Code   RO         1248    .ARM.Collect$$libshutdown$$00000002  c_w.l(libshutdown2.o)
    0x0800022e   0x0800022e   0x00000000   Code   RO         1250    .ARM.Collect$$libshutdown$$00000004  c_w.l(libshutdown2.o)
    0x0800022e   0x0800022e   0x00000000   Code   RO         1253    .ARM.Collect$$libshutdown$$00000007  c_w.l(libshutdown2.o)
    0x0800022e   0x0800022e   0x00000000   Code   RO         1256    .ARM.Collect$$libshutdown$$0000000A  c_w.l(libshutdown2.o)
    0x0800022e   0x0800022e   0x00000000   Code   RO         1258    .ARM.Collect$$libshutdown$$0000000C  c_w.l(libshutdown2.o)
    0x0800022e   0x0800022e   0x00000000   Code   RO         1261    .ARM.Collect$$libshutdown$$0000000F  c_w.l(libshutdown2.o)
    0x0800022e   0x0800022e   0x00000002   Code   RO         1262    .ARM.Collect$$libshutdown$$00000010  c_w.l(libshutdown2.o)
    0x08000230   0x08000230   0x00000000   Code   RO          999    .ARM.Collect$$rtentry$$00000000  c_w.l(__rtentry.o)
    0x08000230   0x08000230   0x00000000   Code   RO         1124    .ARM.Collect$$rtentry$$00000002  c_w.l(__rtentry2.o)
    0x08000230   0x08000230   0x00000006   Code   RO         1136    .ARM.Collect$$rtentry$$00000004  c_w.l(__rtentry4.o)
    0x08000236   0x08000236   0x00000000   Code   RO         1126    .ARM.Collect$$rtentry$$00000009  c_w.l(__rtentry2.o)
    0x08000236   0x08000236   0x00000004   Code   RO         1127    .ARM.Collect$$rtentry$$0000000A  c_w.l(__rtentry2.o)
    0x0800023a   0x0800023a   0x00000000   Code   RO         1129    .ARM.Collect$$rtentry$$0000000C  c_w.l(__rtentry2.o)
    0x0800023a   0x0800023a   0x00000008   Code   RO         1130    .ARM.Collect$$rtentry$$0000000D  c_w.l(__rtentry2.o)
    0x08000242   0x08000242   0x00000002   Code   RO         1195    .ARM.Collect$$rtexit$$00000000  c_w.l(rtexit.o)
    0x08000244   0x08000244   0x00000000   Code   RO         1214    .ARM.Collect$$rtexit$$00000002  c_w.l(rtexit2.o)
    0x08000244   0x08000244   0x00000004   Code   RO         1215    .ARM.Collect$$rtexit$$00000003  c_w.l(rtexit2.o)
    0x08000248   0x08000248   0x00000006   Code   RO         1216    .ARM.Collect$$rtexit$$00000004  c_w.l(rtexit2.o)
    0x0800024e   0x0800024e   0x00000002   PAD
    0x08000250   0x08000250   0x00000040   Code   RO            4    .text               startup_stm32f427xx.o
    0x08000290   0x08000290   0x000000f0   Code   RO          952    .text               c_w.l(lludivv7m.o)
    0x08000380   0x08000380   0x0000004e   Code   RO          954    .text               c_w.l(rt_memclr_w.o)
    0x080003ce   0x080003ce   0x00000006   Code   RO          956    .text               c_w.l(heapauxi.o)
    0x080003d4   0x080003d4   0x00000024   Code   RO          963    .text               c_w.l(init_aeabi.o)
    0x080003f8   0x080003f8   0x00000016   Code   RO         1004    .text               c_w.l(_rserrno.o)
    0x0800040e   0x0800040e   0x00000002   PAD
    0x08000410   0x08000410   0x00000008   Code   RO         1143    .text               c_w.l(rt_errno_addr_intlibspace.o)
    0x08000418   0x08000418   0x00000016   Code   RO         1145    .text               c_w.l(abort.o)
    0x0800042e   0x0800042e   0x00000002   PAD
    0x08000430   0x08000430   0x0000000c   Code   RO         1157    .text               c_w.l(sys_exit.o)
    0x0800043c   0x0800043c   0x00000008   Code   RO         1161    .text               c_w.l(libspace.o)
    0x08000444   0x08000444   0x0000004a   Code   RO         1164    .text               c_w.l(sys_stackheap_outer.o)
    0x0800048e   0x0800048e   0x00000012   Code   RO         1166    .text               c_w.l(exit.o)
    0x080004a0   0x080004a0   0x0000000e   Code   RO         1168    .text               c_w.l(defsig_abrt_outer.o)
    0x080004ae   0x080004ae   0x00000002   Code   RO         1192    .text               c_w.l(use_no_semi.o)
    0x080004b0   0x080004b0   0x00000000   Code   RO         1194    .text               c_w.l(indicate_semi.o)
    0x080004b0   0x080004b0   0x0000000a   Code   RO         1201    .text               c_w.l(defsig_exit.o)
    0x080004ba   0x080004ba   0x00000002   PAD
    0x080004bc   0x080004bc   0x00000030   Code   RO         1203    .text               c_w.l(defsig_abrt_inner.o)
    0x080004ec   0x080004ec   0x00000032   Code   RO         1222    .text               c_w.l(defsig_general.o)
    0x0800051e   0x0800051e   0x0000000e   Code   RO         1226    .text               c_w.l(sys_wrch.o)
    0x0800052c   0x0800052c   0x00000004   Code   RO           98    .text.BusFault_Handler  stm32f4xx_it.o
    0x08000530   0x08000530   0x00000002   Code   RO          104    .text.DebugMon_Handler  stm32f4xx_it.o
    0x08000532   0x08000532   0x00000002   PAD
    0x08000534   0x08000534   0x0000000e   Code   RO           60    .text.Error_Handler  main.o
    0x08000542   0x08000542   0x00000002   PAD
    0x08000544   0x08000544   0x000003ee   Code   RO          631    .text.HAL_GPIO_Init  stm32f4xx_hal_gpio.o
    0x08000932   0x08000932   0x00000002   PAD
    0x08000934   0x08000934   0x0000002e   Code   RO          637    .text.HAL_GPIO_WritePin  stm32f4xx_hal_gpio.o
    0x08000962   0x08000962   0x00000002   PAD
    0x08000964   0x08000964   0x0000000c   Code   RO          856    .text.HAL_GetTick   stm32f4xx_hal.o
    0x08000970   0x08000970   0x0000001a   Code   RO          854    .text.HAL_IncTick   stm32f4xx_hal.o
    0x0800098a   0x0800098a   0x00000002   PAD
    0x0800098c   0x0800098c   0x00000036   Code   RO          844    .text.HAL_Init      stm32f4xx_hal.o
    0x080009c2   0x080009c2   0x00000002   PAD
    0x080009c4   0x080009c4   0x00000070   Code   RO          846    .text.HAL_InitTick  stm32f4xx_hal.o
    0x08000a34   0x08000a34   0x0000004a   Code   RO          119    .text.HAL_MspInit   stm32f4xx_hal_msp.o
    0x08000a7e   0x08000a7e   0x00000002   PAD
    0x08000a80   0x08000a80   0x00000014   Code   RO          785    .text.HAL_NVIC_EnableIRQ  stm32f4xx_hal_cortex.o
    0x08000a94   0x08000a94   0x00000032   Code   RO          777    .text.HAL_NVIC_SetPriority  stm32f4xx_hal_cortex.o
    0x08000ac6   0x08000ac6   0x00000002   PAD
    0x08000ac8   0x08000ac8   0x00000010   Code   RO          773    .text.HAL_NVIC_SetPriorityGrouping  stm32f4xx_hal_cortex.o
    0x08000ad8   0x08000ad8   0x000000be   Code   RO          760    .text.HAL_PWREx_EnableOverDrive  stm32f4xx_hal_pwr_ex.o
    0x08000b96   0x08000b96   0x00000002   PAD
    0x08000b98   0x08000b98   0x00000262   Code   RO          479    .text.HAL_RCC_ClockConfig  stm32f4xx_hal_rcc.o
    0x08000dfa   0x08000dfa   0x00000002   PAD
    0x08000dfc   0x08000dfc   0x000000e6   Code   RO          481    .text.HAL_RCC_GetSysClockFreq  stm32f4xx_hal_rcc.o
    0x08000ee2   0x08000ee2   0x00000002   PAD
    0x08000ee4   0x08000ee4   0x000006be   Code   RO          477    .text.HAL_RCC_OscConfig  stm32f4xx_hal_rcc.o
    0x080015a2   0x080015a2   0x00000002   PAD
    0x080015a4   0x080015a4   0x00000010   Code   RO          797    .text.HAL_SYSTICK_Config  stm32f4xx_hal_cortex.o
    0x080015b4   0x080015b4   0x00000008   Code   RO          462    .text.HAL_TIMEx_BreakCallback  stm32f4xx_hal_tim_ex.o
    0x080015bc   0x080015bc   0x00000008   Code   RO          458    .text.HAL_TIMEx_CommutCallback  stm32f4xx_hal_tim_ex.o
    0x080015c4   0x080015c4   0x00000122   Code   RO          452    .text.HAL_TIMEx_MasterConfigSynchronization  stm32f4xx_hal_tim_ex.o
    0x080016e6   0x080016e6   0x00000002   PAD
    0x080016e8   0x080016e8   0x0000009c   Code   RO          139    .text.HAL_TIM_Base_Init  stm32f4xx_hal_tim.o
    0x08001784   0x08001784   0x00000050   Code   RO           80    .text.HAL_TIM_Base_MspInit  tim.o
    0x080017d4   0x080017d4   0x000000f6   Code   RO          153    .text.HAL_TIM_Base_Start_IT  stm32f4xx_hal_tim.o
    0x080018ca   0x080018ca   0x00000002   PAD
    0x080018cc   0x080018cc   0x00000184   Code   RO          331    .text.HAL_TIM_ConfigClockSource  stm32f4xx_hal_tim.o
    0x08001a50   0x08001a50   0x00000008   Code   RO          275    .text.HAL_TIM_IC_CaptureCallback  stm32f4xx_hal_tim.o
    0x08001a58   0x08001a58   0x0000027a   Code   RO          273    .text.HAL_TIM_IRQHandler  stm32f4xx_hal_tim.o
    0x08001cd2   0x08001cd2   0x00000002   PAD
    0x08001cd4   0x08001cd4   0x00000008   Code   RO          277    .text.HAL_TIM_OC_DelayElapsedCallback  stm32f4xx_hal_tim.o
    0x08001cdc   0x08001cdc   0x00000008   Code   RO          279    .text.HAL_TIM_PWM_PulseFinishedCallback  stm32f4xx_hal_tim.o
    0x08001ce4   0x08001ce4   0x00000020   Code   RO           11    .text.HAL_TIM_PeriodElapsedCallback  callback.o
    0x08001d04   0x08001d04   0x00000008   Code   RO          283    .text.HAL_TIM_TriggerCallback  stm32f4xx_hal_tim.o
    0x08001d0c   0x08001d0c   0x00000004   Code   RO           94    .text.HardFault_Handler  stm32f4xx_it.o
    0x08001d10   0x08001d10   0x000000e8   Code   RO           70    .text.MX_GPIO_Init  gpio.o
    0x08001df8   0x08001df8   0x00000084   Code   RO           78    .text.MX_TIM1_Init  tim.o
    0x08001e7c   0x08001e7c   0x00000004   Code   RO           96    .text.MemManage_Handler  stm32f4xx_it.o
    0x08001e80   0x08001e80   0x00000004   Code   RO           92    .text.NMI_Handler   stm32f4xx_it.o
    0x08001e84   0x08001e84   0x0000006c   Code   RO          783    .text.NVIC_EncodePriority  stm32f4xx_hal_cortex.o
    0x08001ef0   0x08001ef0   0x00000002   Code   RO          106    .text.PendSV_Handler  stm32f4xx_it.o
    0x08001ef2   0x08001ef2   0x00000002   PAD
    0x08001ef4   0x08001ef4   0x00000002   Code   RO          102    .text.SVC_Handler   stm32f4xx_it.o
    0x08001ef6   0x08001ef6   0x00000002   PAD
    0x08001ef8   0x08001ef8   0x00000052   Code   RO          799    .text.SysTick_Config  stm32f4xx_hal_cortex.o
    0x08001f4a   0x08001f4a   0x00000002   PAD
    0x08001f4c   0x08001f4c   0x00000008   Code   RO          108    .text.SysTick_Handler  stm32f4xx_it.o
    0x08001f54   0x08001f54   0x000000ca   Code   RO           58    .text.SystemClock_Config  main.o
    0x0800201e   0x0800201e   0x00000002   PAD
    0x08002020   0x08002020   0x00000012   Code   RO          937    .text.SystemInit    system_stm32f4xx.o
    0x08002032   0x08002032   0x00000002   PAD
    0x08002034   0x08002034   0x00000010   Code   RO          110    .text.TIM1_UP_TIM10_IRQHandler  stm32f4xx_it.o
    0x08002044   0x08002044   0x0000019a   Code   RO          143    .text.TIM_Base_SetConfig  stm32f4xx_hal_tim.o
    0x080021de   0x080021de   0x00000002   PAD
    0x080021e0   0x080021e0   0x00000034   Code   RO          329    .text.TIM_ETR_SetConfig  stm32f4xx_hal_tim.o
    0x08002214   0x08002214   0x0000002a   Code   RO          335    .text.TIM_ITRx_SetConfig  stm32f4xx_hal_tim.o
    0x0800223e   0x0800223e   0x00000002   PAD
    0x08002240   0x08002240   0x00000050   Code   RO          333    .text.TIM_TI1_ConfigInputStage  stm32f4xx_hal_tim.o
    0x08002290   0x08002290   0x00000052   Code   RO          337    .text.TIM_TI2_ConfigInputStage  stm32f4xx_hal_tim.o
    0x080022e2   0x080022e2   0x00000002   PAD
    0x080022e4   0x080022e4   0x00000004   Code   RO          100    .text.UsageFault_Handler  stm32f4xx_it.o
    0x080022e8   0x080022e8   0x000000b8   Code   RO          129    .text._Z14LEDTaskRoutinev  led_task.o
    0x080023a0   0x080023a0   0x0000002a   Code   RO           43    .text._Z3powB6v16000IdfENSt3__29enable_ifIXaasr3std13is_arithmeticIT_EE5valuesr3std13is_arithmeticIT0_EE5valueENS0_9__promoteIS2_S3_vEEE4type4typeES2_S3_  led.o
    0x080023ca   0x080023ca   0x00000006   PAD
    0x080023d0   0x080023d0   0x000001c0   Code   RO          127    .text._Z8initLEDsv  led_task.o
    0x08002590   0x08002590   0x00000050   Code   RO           35    .text._ZN3LED12timerRoutineEv  led.o
    0x080025e0   0x080025e0   0x00000078   Code   RO           29    .text._ZN3LED20calcRealCurrentLightEv  led.o
    0x08002658   0x08002658   0x0000001a   Code   RO           31    .text._ZN3LED20setCurrentLightLevelEh  led.o
    0x08002672   0x08002672   0x00000002   PAD
    0x08002674   0x08002674   0x0000004a   Code   RO           27    .text._ZN3LEDC2EP12GPIO_TypeDefthd  led.o
    0x080026be   0x080026be   0x00000002   PAD
    0x080026c0   0x080026c0   0x0000001a   Code   RO           25    .text._ZN3LEDC2Ev   led.o
    0x080026da   0x080026da   0x00000002   PAD
    0x080026dc   0x080026dc   0x0000000c   Code   RO           33    .text._ZNK3LED20getCurrentLightLevelEv  led.o
    0x080026e8   0x080026e8   0x00000030   Code   RO          787    .text.__NVIC_EnableIRQ  stm32f4xx_hal_cortex.o
    0x08002718   0x08002718   0x00000010   Code   RO          779    .text.__NVIC_GetPriorityGrouping  stm32f4xx_hal_cortex.o
    0x08002728   0x08002728   0x00000042   Code   RO          781    .text.__NVIC_SetPriority  stm32f4xx_hal_cortex.o
    0x0800276a   0x0800276a   0x00000002   PAD
    0x0800276c   0x0800276c   0x0000003c   Code   RO          775    .text.__NVIC_SetPriorityGrouping  stm32f4xx_hal_cortex.o
    0x080027a8   0x080027a8   0x00000068   Code   RO           19    .text.__cxx_global_var_init  callback.o
    0x08002810   0x08002810   0x00000004   Code   RO         1089    .text.abort_message  libcppabi_w.l(abort_message.cpp.o)
    0x08002814   0x08002814   0x00000020   Code   RO           56    .text.main          main.o
    0x08002834   0x08002834   0x00000016   Code   RO           46    .text.startup       start.o
    0x0800284a   0x0800284a   0x00000002   PAD
    0x0800284c   0x0800284c   0x00000060   Code   RO          981    .text.unlikely.__cxa_guard_acquire  libcppabi_w.l(cxa_guard.cpp.o)
    0x080028ac   0x080028ac   0x00000008   Code   RO          983    .text.unlikely.__cxa_guard_release  libcppabi_w.l(cxa_guard.cpp.o)
    0x080028b4   0x080028b4   0x00000030   Code   RO         1112    i.__ARM_fpclassify  m_wm.l(fpclassify.o)
    0x080028e4   0x080028e4   0x00000004   PAD
    0x080028e8   0x080028e8   0x00000c60   Code   RO          988    i.__hardfp_pow      m_wm.l(pow.o)
    0x08003548   0x08003548   0x000000e0   Code   RO          995    i.__hardfp_round    m_wm.l(round.o)
    0x08003628   0x08003628   0x000000f8   Code   RO         1114    i.__kernel_poly     m_wm.l(poly.o)
    0x08003720   0x08003720   0x00000030   Code   RO         1092    i.__mathlib_dbl_divzero  m_wm.l(dunder.o)
    0x08003750   0x08003750   0x00000014   Code   RO         1094    i.__mathlib_dbl_infnan2  m_wm.l(dunder.o)
    0x08003764   0x08003764   0x00000004   PAD
    0x08003768   0x08003768   0x00000020   Code   RO         1095    i.__mathlib_dbl_invalid  m_wm.l(dunder.o)
    0x08003788   0x08003788   0x00000020   Code   RO         1096    i.__mathlib_dbl_overflow  m_wm.l(dunder.o)
    0x080037a8   0x080037a8   0x00000020   Code   RO         1098    i.__mathlib_dbl_underflow  m_wm.l(dunder.o)
    0x080037c8   0x080037c8   0x00000018   Code   RO         1108    i.fabs              m_wm.l(fabs.o)
    0x080037e0   0x080037e0   0x0000006e   Code   RO         1119    i.sqrt              m_wm.l(sqrt.o)
    0x0800384e   0x0800384e   0x00000018   Code   RO         1057    x$fpl$basic         fz_wm.l(basic.o)
    0x08003866   0x08003866   0x00000002   PAD
    0x08003868   0x08003868   0x00000062   Code   RO          966    x$fpl$d2f           fz_wm.l(d2f.o)
    0x080038ca   0x080038ca   0x00000002   PAD
    0x080038cc   0x080038cc   0x00000150   Code   RO         1059    x$fpl$dadd          fz_wm.l(daddsub_clz.o)
    0x08003a1c   0x08003a1c   0x00000010   Code   RO         1149    x$fpl$dcheck1       fz_wm.l(dcheck1.o)
    0x08003a2c   0x08003a2c   0x00000018   Code   RO         1151    x$fpl$dcmpinf       fz_wm.l(dcmpi.o)
    0x08003a44   0x08003a44   0x000002b4   Code   RO          969    x$fpl$ddiv          fz_wm.l(ddiv.o)
    0x08003cf8   0x08003cf8   0x0000005e   Code   RO          972    x$fpl$dfix          fz_wm.l(dfix.o)
    0x08003d56   0x08003d56   0x0000002e   Code   RO         1066    x$fpl$dflt          fz_wm.l(dflt_clz.o)
    0x08003d84   0x08003d84   0x00000078   Code   RO         1071    x$fpl$dleqf         fz_wm.l(dleqf.o)
    0x08003dfc   0x08003dfc   0x00000154   Code   RO          976    x$fpl$dmul          fz_wm.l(dmul.o)
    0x08003f50   0x08003f50   0x0000009c   Code   RO         1073    x$fpl$dnaninf       fz_wm.l(dnaninf.o)
    0x08003fec   0x08003fec   0x0000000c   Code   RO         1075    x$fpl$dretinf       fz_wm.l(dretinf.o)
    0x08003ff8   0x08003ff8   0x0000006c   Code   RO         1077    x$fpl$drleqf        fz_wm.l(drleqf.o)
    0x08004064   0x08004064   0x000000b4   Code   RO         1079    x$fpl$drnd          fz_wm.l(drnd.o)
    0x08004118   0x08004118   0x00000016   Code   RO         1060    x$fpl$drsb          fz_wm.l(daddsub_clz.o)
    0x0800412e   0x0800412e   0x00000002   PAD
    0x08004130   0x08004130   0x00000198   Code   RO         1153    x$fpl$dsqrt         fz_wm.l(dsqrt_umaal.o)
    0x080042c8   0x080042c8   0x000001dc   Code   RO         1061    x$fpl$dsub          fz_wm.l(daddsub_clz.o)
    0x080044a4   0x080044a4   0x00000056   Code   RO          978    x$fpl$f2d           fz_wm.l(f2d.o)
    0x080044fa   0x080044fa   0x0000008c   Code   RO         1081    x$fpl$fnaninf       fz_wm.l(fnaninf.o)
    0x08004586   0x08004586   0x0000001a   Code   RO         1155    x$fpl$fpinit        fz_wm.l(fpinit.o)
    0x080045a0   0x080045a0   0x0000000a   Code   RO         1083    x$fpl$fretinf       fz_wm.l(fretinf.o)
    0x080045aa   0x080045aa   0x00000064   Code   RO         1186    x$fpl$retnan        fz_wm.l(retnan.o)
    0x0800460e   0x0800460e   0x0000005c   Code   RO         1085    x$fpl$scalbn        fz_wm.l(scalbn.o)
    0x0800466a   0x0800466a   0x00000030   Code   RO         1211    x$fpl$trapveneer    fz_wm.l(trapv.o)
    0x0800469a   0x0800469a   0x00000000   Code   RO         1087    x$fpl$usenofp       fz_wm.l(usenofp.o)
    0x0800469a   0x0800469a   0x00000006   PAD
    0x080046a0   0x080046a0   0x00000088   Data   RO          991    .constdata          m_wm.l(pow.o)
    0x08004728   0x08004728   0x00000008   Data   RO         1116    .constdata          m_wm.l(qnan.o)
    0x08004730   0x08004730   0x00000010   Data   RO          942    .rodata.AHBPrescTable  system_stm32f4xx.o
    0x08004740   0x08004740   0x00000020   Data   RO         1263    Region$$Table       anon$$obj.o
    0x08004760   0x08004760   0x00000004   Data   RO           23    .init_array         callback.o
    0x08004764   0x08004760   0x00000000   Data   RO          961    .init_array         c_w.l(init_aeabi.o)


    Execution Region RW_IRAM2 (Exec base: 0x10000000, Load base: 0x08004778, Size: 0x00000000, Max: 0x00010000, ABSOLUTE)

    **** No section assigned to this execution region ****


    Execution Region RW_IRAM1 (Exec base: 0x20000000, Load base: 0x08004768, Size: 0x00000748, Max: 0x00030000, ABSOLUTE)

    Exec Addr    Load Addr    Size         Type   Attr      Idx    E Section Name        Object

    0x20000000   0x08004768   0x00000004   Data   RW          941    .data.SystemCoreClock  system_stm32f4xx.o
    0x20000004   0x0800476c   0x00000001   Data   RW          903    .data.uwTickFreq    stm32f4xx_hal.o
    0x20000005   0x0800476d   0x00000003   PAD
    0x20000008   0x08004770   0x00000004   Data   RW          902    .data.uwTickPrio    stm32f4xx_hal.o
    0x2000000c   0x08004774   0x00000004   PAD
    0x20000010        -       0x00000060   Zero   RW         1162    .bss                c_w.l(libspace.o)
    0x20000070        -       0x00000004   Zero   RW           22    .bss._ZGV4leds      callback.o
    0x20000074        -       0x00000048   Zero   RW           84    .bss.htim1          tim.o
    0x200000bc        -       0x00000004   Zero   RW          137    .bss.ledTaskCount   led_task.o
    0x200000c0        -       0x00000080   Zero   RW           21    .bss.leds           callback.o
    0x20000140        -       0x00000004   Zero   RW          904    .bss.uwTick         stm32f4xx_hal.o
    0x20000144   0x08004774   0x00000004   PAD
    0x20000148        -       0x00000200   Zero   RW            2    HEAP                startup_stm32f427xx.o
    0x20000348        -       0x00000400   Zero   RW            1    STACK               startup_stm32f427xx.o


==============================================================================

Image component sizes


      Code (inc. data)   RO Data    RW Data    ZI Data      Debug   Object Name

       136          0          4          0        132       2139   callback.o
       232          0          0          0          0       2235   gpio.o
       380          8          0          0          0      15391   led.o
       632          8          0          0          4       2768   led_task.o
       248          0          0          0          0       2781   main.o
        22          0          0          0          0       1932   start.o
        64         26        428          0       1536        860   startup_stm32f427xx.o
       204          0          0          5          4       7518   stm32f4xx_hal.o
       482          0          0          0          0       9593   stm32f4xx_hal_cortex.o
      1052          0          0          0          0       5214   stm32f4xx_hal_gpio.o
        74          0          0          0          0       1569   stm32f4xx_hal_msp.o
       190          0          0          0          0       4495   stm32f4xx_hal_pwr_ex.o
      2566          0          0          0          0       7662   stm32f4xx_hal_rcc.o
      2122          0          0          0          0      35798   stm32f4xx_hal_tim.o
       306          0          0          0          0      15302   stm32f4xx_hal_tim_ex.o
        50          0          0          0          0       1133   stm32f4xx_it.o
        18          0         16          4          0       2615   system_stm32f4xx.o
       212          0          0          0         72       7194   tim.o

    ----------------------------------------------------------------------
      9052         42        480         12       1756     126199   Object Totals
         0          0         32          0          0          0   (incl. Generated)
        62          0          0          3          8          0   (incl. Padding)

    ----------------------------------------------------------------------

      Code (inc. data)   RO Data    RW Data    ZI Data      Debug   Library Member Name

         8          0          0          0          0         68   __main.o
         0          0          0          0          0          0   __rtentry.o
        12          0          0          0          0          0   __rtentry2.o
         6          0          0          0          0          0   __rtentry4.o
        52          8          0          0          0          0   __scatter.o
        26          0          0          0          0          0   __scatter_copy.o
        28          0          0          0          0          0   __scatter_zi.o
        22          0          0          0          0        100   _rserrno.o
        22          0          0          0          0         80   abort.o
        48         34          0          0          0         76   defsig_abrt_inner.o
        14          0          0          0          0         80   defsig_abrt_outer.o
        10          0          0          0          0         68   defsig_exit.o
        50          0          0          0          0         88   defsig_general.o
        18          0          0          0          0         80   exit.o
         6          0          0          0          0        152   heapauxi.o
         0          0          0          0          0          0   indicate_semi.o
        36          8          0          0          0         80   init_aeabi.o
         2          0          0          0          0          0   libinit.o
        10          0          0          0          0          0   libinit2.o
         2          0          0          0          0          0   libshutdown.o
         2          0          0          0          0          0   libshutdown2.o
         8          4          0          0         96         68   libspace.o
       240          0          0          0          0        100   lludivv7m.o
         8          4          0          0          0         68   rt_errno_addr_intlibspace.o
        78          0          0          0          0         80   rt_memclr_w.o
         2          0          0          0          0          0   rtexit.o
        10          0          0          0          0          0   rtexit2.o
        12          4          0          0          0         68   sys_exit.o
        74          0          0          0          0         80   sys_stackheap_outer.o
        14          0          0          0          0         76   sys_wrch.o
         2          0          0          0          0         68   use_no_semi.o
        24          0          0          0          0        164   basic.o
        98          4          0          0          0        140   d2f.o
       834         16          0          0          0        516   daddsub_clz.o
        16          4          0          0          0        116   dcheck1.o
        24          0          0          0          0        116   dcmpi.o
       692        140          0          0          0        264   ddiv.o
        94          4          0          0          0        140   dfix.o
        46          0          0          0          0        116   dflt_clz.o
       120          4          0          0          0        140   dleqf.o
       340         12          0          0          0        152   dmul.o
       156          4          0          0          0        140   dnaninf.o
        12          0          0          0          0        116   dretinf.o
       108          0          0          0          0        128   drleqf.o
       180          4          0          0          0        128   drnd.o
       408         56          0          0          0        168   dsqrt_umaal.o
        86          4          0          0          0        132   f2d.o
       140          4          0          0          0        132   fnaninf.o
        26          0          0          0          0        116   fpinit.o
        10          0          0          0          0        116   fretinf.o
       100          0          0          0          0        116   retnan.o
        92          0          0          0          0        116   scalbn.o
        48          0          0          0          0        116   trapv.o
         0          0          0          0          0          0   usenofp.o
         4          0          0          0          0         36   abort_message.cpp.o
       104         56          0          0          0         76   cxa_guard.cpp.o
       164         44          0          0          0        620   dunder.o
        24          0          0          0          0        124   fabs.o
        48          0          0          0          0        124   fpclassify.o
       248          0          0          0          0        152   poly.o
      3168        296        136          0          0        352   pow.o
         0          0          8          0          0          0   qnan.o
       224         30          0          0          0        172   round.o
       110          0          0          0          0        148   sqrt.o

    ----------------------------------------------------------------------
      8600        744        144          0         96       6672   Library Totals
        30          0          0          0          0          0   (incl. Padding)

    ----------------------------------------------------------------------

      Code (inc. data)   RO Data    RW Data    ZI Data      Debug   Library Name

       822         62          0          0         96       1480   c_w.l
      3654        256          0          0          0       3388   fz_wm.l
       108         56          0          0          0        112   libcppabi_w.l
      3986        370        144          0          0       1692   m_wm.l

    ----------------------------------------------------------------------
      8600        744        144          0         96       6672   Library Totals

    ----------------------------------------------------------------------

==============================================================================


      Code (inc. data)   RO Data    RW Data    ZI Data      Debug   

     17652        786        624         12       1852     128483   Grand Totals
     17652        786        624         12       1852     128483   ELF Image Totals
     17652        786        624         12          0          0   ROM Totals

==============================================================================

    Total RO  Size (Code + RO Data)                18276 (  17.85kB)
    Total RW  Size (RW Data + ZI Data)              1864 (   1.82kB)
    Total ROM Size (Code + RO Data + RW Data)      18288 (  17.86kB)

==============================================================================

